<html>
<body>
<pre>
<h1>µVision Build Log</h1>
<h2>Tool Versions:</h2>
IDE-Version: µVision V5.35.0.0
Copyright (C) 2021 ARM Ltd and ARM Germany GmbH. All rights reserved.
License Information: Fede Adra, compañi, LIC=----
 
Tool Versions:
Toolchain:       MDK-Lite  Version: 5.35.0.2
Toolchain Path:  C:\Keil_v5\ARM\ARMCLANG\Bin
C Compiler:      ArmClang.exe V6.16
Assembler:       Armasm.exe V6.16
Linker/Locator:  ArmLink.exe V6.16
Library Manager: ArmAr.exe V6.16
Hex Converter:   FromElf.exe V6.16
CPU DLL:         SARMCM3.DLL V5.35.0.2
Dialog DLL:      DCM.DLL V1.17.3.0
Target DLL:      UL2CM3.DLL V1.164.0.0
Dialog DLL:      TCM.DLL V1.53.0.0
 
<h2>Project:</h2>
H:\Fede\Facultad\2021\2do cuatrimestre\Taller de proyecto I\Prácticas\Práctica 1\Project\CerraduraElectronica.uvprojx
Project File Date:  09/13/2021

<h2>Output:</h2>
*** Using Compiler 'V6.16', folder: 'C:\Keil_v5\ARM\ARMCLANG\Bin'
Rebuild target 'Target 1'
timer.c(54): warning: result of comparison of unsigned expression >= 0 is always true [-Wtautological-unsigned-zero-compare]
        if(h<24 && h>=0){
                   ~^ ~
timer.c(60): warning: result of comparison of unsigned expression >= 0 is always true [-Wtautological-unsigned-zero-compare]
        if(m<60 && m>=0){
                   ~^ ~
timer.c(66): warning: result of comparison of unsigned expression >= 0 is always true [-Wtautological-unsigned-zero-compare]
        if(s<60 && s>=0){
                   ~^ ~
timer.c(69): warning: no newline at end of file [-Wnewline-eof]
}
 ^
4 warnings generated.
compiling timer.c...
RTE/Device/STM32F103C8/system_stm32f10x.c(167): warning: no previous extern declaration for non-static variable 'AHBPrescTable' [-Wmissing-variable-declarations]
__I uint8_t AHBPrescTable[16] = {0, 0, 0, 0, 0, 0, 0, 0, 1, 2, 3, 4, 6, 7, 8, 9};
            ^
RTE/Device/STM32F103C8/system_stm32f10x.c(167): note: declare 'static' if the variable is not intended to be used outside of this translation unit
__I uint8_t AHBPrescTable[16] = {0, 0, 0, 0, 0, 0, 0, 0, 1, 2, 3, 4, 6, 7, 8, 9};
    ^
1 warning generated.
compiling system_stm32f10x.c...
compiling utils.c...
seos.c(8): warning: In file included from...
./seos.h(12): warning: this function declaration is not a prototype [-Wstrict-prototypes]
void SEOS_Init();
              ^
               void
./seos.h(13): warning: this function declaration is not a prototype [-Wstrict-prototypes]
void SEOS_Dispatch_Tasks();
                        ^
                         void
./seos.h(17): warning: no newline at end of file [-Wnewline-eof]
#endif /* SEOS_H_ */
                    ^
seos.c(12): warning: no previous extern declaration for non-static variable 'Flag_MEF' [-Wmissing-variable-declarations]
volatile unsigned char Flag_MEF=0;
                       ^
seos.c(12): note: declare 'static' if the variable is not intended to be used outside of this translation unit
volatile unsigned char Flag_MEF=0;
         ^
seos.c(16): warning: no previous prototype for function 'SEOS_Init' [-Wmissing-prototypes]
void SEOS_Init(){
     ^
./seos.h(12): note: this declaration is not a prototype; add 'void' to make it a prototype for a zero-parameter function
void SEOS_Init();
     ^
               void
seos.c(16): warning: this old-style function definition is not preceded by a prototype [-Wstrict-prototypes]
void SEOS_Init(){
              ^
seos.c(21): warning: no previous prototype for function 'SEOS_Dispatch_Tasks' [-Wmissing-prototypes]
void SEOS_Dispatch_Tasks(){
     ^
./seos.h(13): note: this declaration is not a prototype; add 'void' to make it a prototype for a zero-parameter function
void SEOS_Dispatch_Tasks();
     ^
                         void
seos.c(21): warning: this old-style function definition is not preceded by a prototype [-Wstrict-prototypes]
void SEOS_Dispatch_Tasks(){
                        ^
seos.c(33): warning: parameter 'TIMER0_COMPA_vect' was not declared, defaulting to type 'int' [-Wpedantic]
ISR(TIMER0_COMPA_vect){ //interrupci<F3>n cada 4ms
    ^
seos.c(33): warning: type specifier missing, defaults to 'int' [-Wimplicit-int]
ISR(TIMER0_COMPA_vect){ //interrupci<F3>n cada 4ms
^
seos.c(38): warning: no newline at end of file [-Wnewline-eof]
}
 ^
seos.c(33): warning: unused parameter 'TIMER0_COMPA_vect' [-Wunused-parameter]
ISR(TIMER0_COMPA_vect){ //interrupci<F3>n cada 4ms
    ^
seos.c(33): warning: no previous prototype for function 'ISR' [-Wmissing-prototypes]
ISR(TIMER0_COMPA_vect){ //interrupci<F3>n cada 4ms
^
seos.c(33): note: declare 'static' if the function is not intended to be used outside of this translation unit
ISR(TIMER0_COMPA_vect){ //interrupci<F3>n cada 4ms
   ^
   static 
seos.c(33): warning: this old-style function definition is not preceded by a prototype [-Wstrict-prototypes]
ISR(TIMER0_COMPA_vect){ //interrupci<F3>n cada 4ms
   ^
seos.c(38): warning: non-void function does not return a value [-Wreturn-type]
}
^
15 warnings generated.
compiling seos.c...
assembling startup_stm32f10x_md.s...
compiling keypadScan.c...
main.c(30): warning: passing 'char [15]' to parameter of type 'uint8_t *' (aka 'unsigned char *') converts between pointers to integer types where one is of the unique plain 'char' type and the other is not [-Wpointer-sign]
    LCDstring("TESTEANDO HOLA",11);
              ^~~~~~~~~~~~~~~~
./lcd.h(38): note: passing argument to parameter here
void LCDstring(uint8_t*, uint8_t);      //Outputs string to LCD
                       ^
main.c(34): warning: implicit declaration of function 'delay_us' is invalid in C99 [-Wimplicit-function-declaration]
                 delay_us(300);
                 ^
2 warnings generated.
compiling main.c...
lcd.c(45): warning: implicit conversion changes signedness: 'int' to 'unsigned int' [-Wsign-conversion]
  LCD_PIN_OUT &= ~(1<<LCD_EN);          //LCD_EN=0
              ~~ ^~~~~~~~~~~~
lcd.c(82): warning: implicit conversion changes signedness: 'int' to 'unsigned int' [-Wsign-conversion]
   LCD_PIN_OUT &= ~ (1<<LCD_EN);                /* EN = 0 for H-to-L pulse */
               ~~ ^~~~~~~~~~~~~
lcd.c(89): warning: implicit conversion changes signedness: 'int' to 'unsigned int' [-Wsign-conversion]
   LCD_PIN_OUT &= ~(1<<LCD_EN);                         /* EN = 0 for H-to-L pulse */
               ~~ ^~~~~~~~~~~~
3 warnings generated.
compiling lcd.c...
MEF.c(263): warning: no newline at end of file [-Wnewline-eof]
        
        ^
MEF.c(17): warning: unused variable 'lengthClaveAct' [-Wunused-const-variable]
static const uint8_t lengthClaveAct=4;
                     ^
MEF.c(29): warning: unused variable 'ingresoDig' [-Wunused-variable]
static uint8_t ingresoDig;
               ^
MEF.c(50): warning: unused function 'OutMClave' [-Wunused-function]
static void OutMClave(void);
            ^
4 warnings generated.
compiling MEF.c...
linking...
Program Size: Code=1196 RO-data=284 RW-data=4 ZI-data=1640  
".\Objects\CerraduraElectronica.axf" - 0 Error(s), 29 Warning(s).

<h2>Software Packages used:</h2>

Package Vendor: ARM
                http://www.keil.com/pack/ARM.CMSIS.5.8.0.pack
                ARM.CMSIS.5.8.0
                CMSIS (Common Microcontroller Software Interface Standard)
   * Component: CORE Version: 5.5.0

Package Vendor: Keil
                http://www.keil.com/pack/Keil.STM32F1xx_DFP.2.3.0.pack
                Keil.STM32F1xx_DFP.2.3.0
                STMicroelectronics STM32F1 Series Device Support, Drivers and Examples
   * Component: Startup Version: 1.0.0

<h2>Collection of Component include folders:</h2>
  .\RTE\Device\STM32F103C8
  .\RTE\_Target_1
  C:\Users\fedea\AppData\Local\Arm\Packs\ARM\CMSIS\5.8.0\CMSIS\Core\Include
  C:\Users\fedea\AppData\Local\Arm\Packs\Keil\STM32F1xx_DFP\2.3.0\Device\Include

<h2>Collection of Component Files used:</h2>

   * Component: ARM::CMSIS:CORE:5.5.0

   * Component: Keil::Device:Startup:1.0.0
      Source file:   Device\Source\ARM\STM32F1xx_OPT.s
      Source file:   Device\Source\system_stm32f10x.c
      Include file:  RTE_Driver\Config\RTE_Device.h
      Source file:   Device\Source\ARM\startup_stm32f10x_md.s
Build Time Elapsed:  00:00:01
</pre>
</body>
</html>
