Component: ARM Compiler 6.16 Tool: armlink [5dfeaa00]

==============================================================================

Section Cross References

    keypadscan.o(.ARM.exidx.text.KEYPAD_Init) refers to keypadscan.o(.text.KEYPAD_Init) for [Anonymous Symbol]
    keypadscan.o(.text.KEYPAD_Scan) refers to keypadscan.o(.text.getKeyPressed) for getKeyPressed
    keypadscan.o(.text.KEYPAD_Scan) refers to keypadscan.o(.bss.KEYPAD_Scan.Key) for KEYPAD_Scan.Key
    keypadscan.o(.text.KEYPAD_Scan) refers to keypadscan.o(.bss.KEYPAD_Scan.Old_key) for KEYPAD_Scan.Old_key
    keypadscan.o(.text.KEYPAD_Scan) refers to keypadscan.o(.data.KEYPAD_Scan.Last_valid_key) for KEYPAD_Scan.Last_valid_key
    keypadscan.o(.ARM.exidx.text.KEYPAD_Scan) refers to keypadscan.o(.text.KEYPAD_Scan) for [Anonymous Symbol]
    keypadscan.o(.text.getKeyPressed) refers to keypadscan.o(.rodata.cst16) for teclas
    keypadscan.o(.text.getKeyPressed) refers to keypadscan.o(.bss.KEYPAD_Scan.Key) for KEYPAD_Scan.Key
    keypadscan.o(.ARM.exidx.text.getKeyPressed) refers to keypadscan.o(.text.getKeyPressed) for [Anonymous Symbol]
    lcd.o(.text.LCDstring) refers to lcd.o(.text.LCDsendChar) for LCDsendChar
    lcd.o(.ARM.exidx.text.LCDstring) refers to lcd.o(.text.LCDstring) for [Anonymous Symbol]
    lcd.o(.text.LCDsendChar) refers to lcd.o(.text.LCDputValue) for LCDputValue
    lcd.o(.ARM.exidx.text.LCDsendChar) refers to lcd.o(.text.LCDsendChar) for [Anonymous Symbol]
    lcd.o(.text.LCDinit) refers to utils.o(.text.delay_us) for delay_us
    lcd.o(.text.LCDinit) refers to lcd.o(.text.LCDsendCommand) for LCDsendCommand
    lcd.o(.ARM.exidx.text.LCDinit) refers to lcd.o(.text.LCDinit) for [Anonymous Symbol]
    lcd.o(.text.LCDsendCommand) refers to lcd.o(.text.LCDputValue) for LCDputValue
    lcd.o(.ARM.exidx.text.LCDsendCommand) refers to lcd.o(.text.LCDsendCommand) for [Anonymous Symbol]
    lcd.o(.text.LCDputValue) refers to utils.o(.text.delay_us) for delay_us
    lcd.o(.ARM.exidx.text.LCDputValue) refers to lcd.o(.text.LCDputValue) for [Anonymous Symbol]
    lcd.o(.text.LCDGotoXY) refers to lcd.o(.text.LCDsendCommand) for LCDsendCommand
    lcd.o(.ARM.exidx.text.LCDGotoXY) refers to lcd.o(.text.LCDGotoXY) for [Anonymous Symbol]
    lcd.o(.text.LCDclr) refers to lcd.o(.text.LCDsendCommand) for LCDsendCommand
    lcd.o(.ARM.exidx.text.LCDclr) refers to lcd.o(.text.LCDclr) for [Anonymous Symbol]
    lcd.o(.text.LCDcursorOFF) refers to lcd.o(.text.LCDsendCommand) for LCDsendCommand
    lcd.o(.ARM.exidx.text.LCDcursorOFF) refers to lcd.o(.text.LCDcursorOFF) for [Anonymous Symbol]
    main.o(.text.main) refers to keypadscan.o(.text.KEYPAD_Init) for KEYPAD_Init
    main.o(.text.main) refers to lcd.o(.text.LCDinit) for LCDinit
    main.o(.text.main) refers to mef.o(.text.MEF_Init) for MEF_Init
    main.o(.text.main) refers to timer.o(.text.TIMER_Init) for TIMER_Init
    main.o(.text.main) refers to seos.o(.text.SEOS_Init) for SEOS_Init
    main.o(.text.main) refers to seos.o(.text.SEOS_Dispatch_Tasks) for SEOS_Dispatch_Tasks
    main.o(.ARM.exidx.text.main) refers to main.o(.text.main) for [Anonymous Symbol]
    mef.o(.text.MEF_Init) refers to mef.o(.bss.ticksPerSecond) for ticksPerSecond
    mef.o(.text.MEF_Init) refers to mef.o(.bss.system_state) for system_state
    mef.o(.ARM.exidx.text.MEF_Init) refers to mef.o(.text.MEF_Init) for [Anonymous Symbol]
    mef.o(.text.MEF_Update) refers to mef.o(.bss.state_time) for state_time
    mef.o(.text.MEF_Update) refers to mef.o(.bss.actHora) for actHora
    mef.o(.text.MEF_Update) refers to mef.o(.bss.key) for key
    mef.o(.text.MEF_Update) refers to keypadscan.o(.text.KEYPAD_Scan) for KEYPAD_Scan
    mef.o(.text.MEF_Update) refers to mef.o(.bss.system_state) for system_state
    mef.o(.text.MEF_Update) refers to mef.o(.text.changeING_CLAVE) for changeING_CLAVE
    mef.o(.text.MEF_Update) refers to mef.o(.bss.posClaveIng) for posClaveIng
    mef.o(.text.MEF_Update) refers to mef.o(.text.Out_IngClave) for Out_IngClave
    mef.o(.text.MEF_Update) refers to mef.o(.text.ClaveCorrecta) for ClaveCorrecta
    mef.o(.text.MEF_Update) refers to mef.o(.text.ChangeABIERTO) for ChangeABIERTO
    mef.o(.text.MEF_Update) refers to mef.o(.text.OutAbierto) for OutAbierto
    mef.o(.text.MEF_Update) refers to mef.o(.text.OutClaveInc) for OutClaveInc
    mef.o(.text.MEF_Update) refers to mef.o(.text.AbiertoTime) for AbiertoTime
    mef.o(.text.MEF_Update) refers to mef.o(.text.ChangeIDLE) for ChangeIDLE
    mef.o(.text.MEF_Update) refers to mef.o(.text.Clave_IncTime) for Clave_IncTime
    mef.o(.text.MEF_Update) refers to mef.o(.text.OutIdle) for OutIdle
    mef.o(.text.MEF_Update) refers to mef.o(.text.ChangeCLAVE_INC) for ChangeCLAVE_INC
    mef.o(.ARM.exidx.text.MEF_Update) refers to mef.o(.text.MEF_Update) for [Anonymous Symbol]
    mef.o(.text.changeING_CLAVE) refers to mef.o(.bss.state_time) for state_time
    mef.o(.text.changeING_CLAVE) refers to mef.o(.bss.system_state) for system_state
[...]
    timer.o(.text.TIMER_ModificarMinutos) refers to timer.o(.bss.minutes) for minutes
    timer.o(.ARM.exidx.text.TIMER_ModificarMinutos) refers to timer.o(.text.TIMER_ModificarMinutos) for [Anonymous Symbol]
    timer.o(.text.TIMER_ModificarSegundos) refers to timer.o(.bss.seconds) for seconds
    timer.o(.ARM.exidx.text.TIMER_ModificarSegundos) refers to timer.o(.text.TIMER_ModificarSegundos) for [Anonymous Symbol]
    timer.o(.text.TIMER_Update) refers to timer.o(.bss.seconds) for seconds
    timer.o(.text.TIMER_Update) refers to timer.o(.bss.minutes) for minutes
    timer.o(.text.TIMER_Update) refers to timer.o(.bss.hours) for hours
    timer.o(.ARM.exidx.text.TIMER_Update) refers to timer.o(.text.TIMER_Update) for [Anonymous Symbol]
    timer.o(.text.TIMER_GetHora) refers to h1_free.o(.text) for free
    timer.o(.text.TIMER_GetHora) refers to h1_alloc.o(.text) for malloc
    timer.o(.text.TIMER_GetHora) refers to timer.o(.bss.hours) for hours
    timer.o(.text.TIMER_GetHora) refers to timer.o(.bss.minutes) for minutes
    timer.o(.text.TIMER_GetHora) refers to timer.o(.bss.seconds) for seconds
    timer.o(.ARM.exidx.text.TIMER_GetHora) refers to timer.o(.text.TIMER_GetHora) for [Anonymous Symbol]
    utils.o(.ARM.exidx.text.delay_us) refers to utils.o(.text.delay_us) for [Anonymous Symbol]
    seos.o(.ARM.exidx.text.SEOS_Init) refers to seos.o(.text.SEOS_Init) for [Anonymous Symbol]
    seos.o(.text.SEOS_Dispatch_Tasks) refers to seos.o(.bss.Flag_MEF) for Flag_MEF
    seos.o(.text.SEOS_Dispatch_Tasks) refers to seos.o(.bss.iClock) for iClock
    seos.o(.text.SEOS_Dispatch_Tasks) refers to timer.o(.text.TIMER_Update) for TIMER_Update
    seos.o(.text.SEOS_Dispatch_Tasks) refers to mef.o(.text.MEF_Update) for MEF_Update
    seos.o(.ARM.exidx.text.SEOS_Dispatch_Tasks) refers to seos.o(.text.SEOS_Dispatch_Tasks) for [Anonymous Symbol]
    seos.o(.text.ISR) refers to seos.o(.bss.iCont) for iCont
    seos.o(.text.ISR) refers to seos.o(.bss.Flag_MEF) for Flag_MEF
    seos.o(.ARM.exidx.text.ISR) refers to seos.o(.text.ISR) for [Anonymous Symbol]
    startup_stm32f10x_md.o(STACK) refers (Special) to heapauxi.o(.text) for __use_two_region_memory
    startup_stm32f10x_md.o(HEAP) refers (Special) to heapauxi.o(.text) for __use_two_region_memory
    startup_stm32f10x_md.o(RESET) refers (Special) to heapauxi.o(.text) for __use_two_region_memory
    startup_stm32f10x_md.o(RESET) refers to startup_stm32f10x_md.o(STACK) for __initial_sp
    startup_stm32f10x_md.o(RESET) refers to startup_stm32f10x_md.o(.text) for Reset_Handler
    startup_stm32f10x_md.o(.text) refers (Special) to heapauxi.o(.text) for __use_two_region_memory
    startup_stm32f10x_md.o(.text) refers to system_stm32f10x.o(.text.SystemInit) for SystemInit
    startup_stm32f10x_md.o(.text) refers to __main.o(!!!main) for __main
    startup_stm32f10x_md.o(.text) refers to startup_stm32f10x_md.o(HEAP) for Heap_Mem
    startup_stm32f10x_md.o(.text) refers to startup_stm32f10x_md.o(STACK) for Stack_Mem
    system_stm32f10x.o(.text.SystemInit) refers to system_stm32f10x.o(.text.SetSysClock) for SetSysClock
    system_stm32f10x.o(.ARM.exidx.text.SystemInit) refers to system_stm32f10x.o(.text.SystemInit) for [Anonymous Symbol]
    system_stm32f10x.o(.text.SetSysClock) refers to system_stm32f10x.o(.text.SetSysClockTo72) for SetSysClockTo72
    system_stm32f10x.o(.ARM.exidx.text.SetSysClock) refers to system_stm32f10x.o(.text.SetSysClock) for [Anonymous Symbol]
    system_stm32f10x.o(.text.SystemCoreClockUpdate) refers to system_stm32f10x.o(.data.SystemCoreClock) for SystemCoreClock
    system_stm32f10x.o(.text.SystemCoreClockUpdate) refers to system_stm32f10x.o(.rodata.AHBPrescTable) for AHBPrescTable
    system_stm32f10x.o(.ARM.exidx.text.SystemCoreClockUpdate) refers to system_stm32f10x.o(.text.SystemCoreClockUpdate) for [Anonymous Symbol]
    system_stm32f10x.o(.ARM.exidx.text.SetSysClockTo72) refers to system_stm32f10x.o(.text.SetSysClockTo72) for [Anonymous Symbol]
    malloc.o(.text) refers (Special) to hguard.o(.text) for __heap$guard
    malloc.o(.text) refers (Special) to init_alloc.o(.text) for _init_alloc
    malloc.o(.text) refers to rt_heap_descriptor_intlibspace.o(.text) for __rt_heap_descriptor
    malloc.o(.text) refers to heapstubs.o(.text) for __Heap_Alloc
    free.o(.text) refers (Special) to hguard.o(.text) for __heap$guard
    free.o(.text) refers to rt_heap_descriptor_intlibspace.o(.text) for __rt_heap_descriptor
    free.o(.text) refers to heapstubs.o(.text) for __Heap_Free
    h1_alloc.o(.text) refers (Special) to h1_init.o(.text) for __Heap_Initialize
    h1_alloc.o(.text) refers to rt_heap_descriptor_intlibspace.o(.text) for __rt_heap_descriptor
    h1_alloc.o(.text) refers to init_alloc.o(.text) for __Heap_Full
    h1_free.o(.text) refers to rt_heap_descriptor_intlibspace.o(.text) for __rt_heap_descriptor
    h1_alloc_threads.o(.text) refers (Special) to h1_init.o(.text) for __Heap_Initialize
    h1_alloc_threads.o(.text) refers to init_alloc.o(.text) for __Heap_Full
    h1_alloc_threads.o(.text) refers to rt_heap_descriptor_intlibspace.o(.text) for __rt_heap_descriptor
    h1_free_threads.o(.text) refers to rt_heap_descriptor_intlibspace.o(.text) for __rt_heap_descriptor
    heap2.o(i._FDIterate) refers to heap2.o(.conststring) for .conststring
    heap2.o(i.__Heap_ProvideMemory$realtime) refers to fdtree.o(i._FDTree_Delete) for _FDTree_Delete
    heap2.o(i.__Heap_ProvideMemory$realtime) refers to fdtree.o(i._FDTree_Insert) for _FDTree_Insert
    heap2.o(i.__Heap_Stats$realtime) refers to heap2.o(i._Heap2_StatsIterate) for _Heap2_StatsIterate
    heap2.o(i.__Heap_Valid$realtime) refers to heap2.o(i._FDIterate) for _FDIterate
    heap2.o(i.__Heap_Valid$realtime) refers to heap2.o(.conststring) for .conststring
    heap2.o(i.free$realtime) refers to rt_heap_descriptor_intlibspace.o(.text) for __rt_heap_descriptor
    heap2.o(i.free$realtime) refers to fdtree.o(i._FDTree_Delete) for _FDTree_Delete
    heap2.o(i.free$realtime) refers to fdtree.o(i._FDTree_Insert) for _FDTree_Insert
    heap2.o(i.malloc$realtime) refers to rt_heap_descriptor_intlibspace.o(.text) for __rt_heap_descriptor
    heap2.o(i.malloc$realtime) refers to fdtree.o(i._FDTree_FindFirst) for _FDTree_FindFirst
    heap2.o(i.malloc$realtime) refers to init_alloc.o(.text) for __Heap_Full
    heap2.o(i.malloc$realtime) refers to fdtree.o(i._FDTree_RemoveNode) for _FDTree_RemoveNode
    heap2.o(i.malloc$realtime) refers to fdtree.o(i._FDTree_Insert) for _FDTree_Insert
    heap2.o(i.posix_memalign$realtime) refers to rt_heap_descriptor_intlibspace.o(.text) for __rt_heap_descriptor
    heap2.o(i.posix_memalign$realtime) refers to fdtree.o(i._FDTree_FindFirst) for _FDTree_FindFirst
    heap2.o(i.posix_memalign$realtime) refers to init_alloc.o(.text) for __Heap_Full
    heap2.o(i.posix_memalign$realtime) refers to fdtree.o(i._FDTree_RemoveNode) for _FDTree_RemoveNode
    heap2.o(i.posix_memalign$realtime) refers to fdtree.o(i._FDTree_Insert) for _FDTree_Insert
    heap2.o(i.realloc$realtime) refers to rt_heap_descriptor_intlibspace.o(.text) for __rt_heap_descriptor
    heap2.o(i.realloc$realtime) refers to fdtree.o(i._FDTree_Insert) for _FDTree_Insert
    heap2.o(i.realloc$realtime) refers to h1_free.o(.text) for free
    heap2.o(i.realloc$realtime) refers to h1_alloc.o(.text) for malloc
    heap2.o(i.realloc$realtime) refers to fdtree.o(i._FDTree_Delete) for _FDTree_Delete
    heap2.o(i.realloc$realtime) refers to rt_memcpy_w.o(.text) for __aeabi_memcpy4
    heap2_threads.o(i._FDIterate) refers to heap2_threads.o(.conststring) for .conststring
    heap2_threads.o(i.__Heap_Initialize$realtime$concurrent) refers to mutex_dummy.o(.text) for _mutex_initialize
    heap2_threads.o(i.__Heap_ProvideMemory$realtime$concurrent) refers to fdtree.o(i._FDTree_Delete) for _FDTree_Delete
    heap2_threads.o(i.__Heap_ProvideMemory$realtime$concurrent) refers to fdtree.o(i._FDTree_Insert) for _FDTree_Insert
    heap2_threads.o(i.__Heap_Stats$realtime$concurrent) refers to heap2_threads.o(i._Heap2_StatsIterate) for _Heap2_StatsIterate
    heap2_threads.o(i.__Heap_Valid$realtime$concurrent) refers to heap2_threads.o(i._FDIterate) for _FDIterate
    heap2_threads.o(i.__Heap_Valid$realtime$concurrent) refers to heap2_threads.o(.conststring) for .conststring
    heap2_threads.o(i.free$realtime$concurrent) refers to rt_heap_descriptor_intlibspace.o(.text) for __rt_heap_descriptor
    heap2_threads.o(i.free$realtime$concurrent) refers to fdtree.o(i._FDTree_Delete) for _FDTree_Delete
    heap2_threads.o(i.free$realtime$concurrent) refers to fdtree.o(i._FDTree_Insert) for _FDTree_Insert
    heap2_threads.o(i.malloc$realtime$concurrent) refers to rt_heap_descriptor_intlibspace.o(.text) for __rt_heap_descriptor
    heap2_threads.o(i.malloc$realtime$concurrent) refers to fdtree.o(i._FDTree_FindFirst) for _FDTree_FindFirst
    heap2_threads.o(i.malloc$realtime$concurrent) refers to init_alloc.o(.text) for __Heap_Full
    heap2_threads.o(i.malloc$realtime$concurrent) refers to fdtree.o(i._FDTree_RemoveNode) for _FDTree_RemoveNode
    heap2_threads.o(i.malloc$realtime$concurrent) refers to fdtree.o(i._FDTree_Insert) for _FDTree_Insert
    heap2_threads.o(i.posix_memalign$realtime$concurrent) refers to rt_heap_descriptor_intlibspace.o(.text) for __rt_heap_descriptor
    heap2_threads.o(i.posix_memalign$realtime$concurrent) refers to fdtree.o(i._FDTree_FindFirst) for _FDTree_FindFirst
    heap2_threads.o(i.posix_memalign$realtime$concurrent) refers to init_alloc.o(.text) for __Heap_Full
    heap2_threads.o(i.posix_memalign$realtime$concurrent) refers to fdtree.o(i._FDTree_RemoveNode) for _FDTree_RemoveNode
    heap2_threads.o(i.posix_memalign$realtime$concurrent) refers to fdtree.o(i._FDTree_Insert) for _FDTree_Insert
    heap2_threads.o(i.realloc$realtime$concurrent) refers to rt_heap_descriptor_intlibspace.o(.text) for __rt_heap_descriptor
    heap2_threads.o(i.realloc$realtime$concurrent) refers to fdtree.o(i._FDTree_Insert) for _FDTree_Insert
    heap2_threads.o(i.realloc$realtime$concurrent) refers to h1_free.o(.text) for free
    heap2_threads.o(i.realloc$realtime$concurrent) refers to h1_alloc.o(.text) for malloc
    heap2_threads.o(i.realloc$realtime$concurrent) refers to fdtree.o(i._FDTree_Delete) for _FDTree_Delete
    heap2_threads.o(i.realloc$realtime$concurrent) refers to rt_memcpy_w.o(.text) for __aeabi_memcpy4
    __main.o(!!!main) refers to __rtentry.o(.ARM.Collect$$rtentry$$00000000) for __rt_entry
    __rtentry.o(.ARM.Collect$$rtentry$$00000000) refers (Special) to __rtentry2.o(.ARM.Collect$$rtentry$$0000000A) for __rt_entry_li
    __rtentry.o(.ARM.Collect$$rtentry$$00000000) refers (Special) to __rtentry2.o(.ARM.Collect$$rtentry$$0000000D) for __rt_entry_main
    __rtentry.o(.ARM.Collect$$rtentry$$00000000) refers (Special) to __rtentry2.o(.ARM.Collect$$rtentry$$0000000C) for __rt_entry_postli_1
    __rtentry.o(.ARM.Collect$$rtentry$$00000000) refers (Special) to __rtentry2.o(.ARM.Collect$$rtentry$$00000009) for __rt_entry_postsh_1
    __rtentry.o(.ARM.Collect$$rtentry$$00000000) refers (Special) to __rtentry2.o(.ARM.Collect$$rtentry$$00000002) for __rt_entry_presh_1
    __rtentry.o(.ARM.Collect$$rtentry$$00000000) refers (Special) to __rtentry4.o(.ARM.Collect$$rtentry$$00000004) for __rt_entry_sh
    rt_heap_descriptor.o(.text) refers to rt_heap_descriptor.o(.bss) for __rt_heap_descriptor_data
    rt_heap_descriptor_intlibspace.o(.text) refers to libspace.o(.bss) for __libspace_start
    init_alloc.o(.text) refers (Special) to hguard.o(.text) for __heap$guard
    init_alloc.o(.text) refers (Special) to libinit2.o(.ARM.Collect$$libinit$$00000005) for __rt_lib_init_heap_2
    init_alloc.o(.text) refers (Special) to maybetermalloc1.o(.text) for _maybe_terminate_alloc
    init_alloc.o(.text) refers to h1_extend.o(.text) for __Heap_ProvideMemory
    init_alloc.o(.text) refers to defsig_rtmem_outer.o(.text) for __rt_SIGRTMEM
    init_alloc.o(.text) refers to rt_heap_descriptor_intlibspace.o(.text) for __rt_heap_descriptor
    init_alloc.o(.text) refers to h1_init.o(.text) for __Heap_Initialize
    h1_init_threads.o(.text) refers to mutex_dummy.o(.text) for _mutex_initialize
    _get_argv.o(.text) refers (Special) to hrguard.o(.text) for __heap_region$guard
    _get_argv.o(.text) refers to h1_alloc.o(.text) for malloc
    _get_argv.o(.text) refers to defsig_rtmem_outer.o(.text) for __rt_SIGRTMEM
    _get_argv.o(.text) refers to sys_command.o(.text) for _sys_command_string
    libinit2.o(.ARM.Collect$$libinit$$00000005) refers (Weak) to init_alloc.o(.text) for _init_alloc
    libinit2.o(.ARM.Collect$$libinit$$00000010) refers to libinit2.o(.ARM.Collect$$libinit$$0000000F) for .ARM.Collect$$libinit$$0000000F
    libinit2.o(.ARM.Collect$$libinit$$00000012) refers to libinit2.o(.ARM.Collect$$libinit$$0000000F) for .ARM.Collect$$libinit$$0000000F
    libinit2.o(.ARM.Collect$$libinit$$00000014) refers to libinit2.o(.ARM.Collect$$libinit$$0000000F) for .ARM.Collect$$libinit$$0000000F
    libinit2.o(.ARM.Collect$$libinit$$00000016) refers to libinit2.o(.ARM.Collect$$libinit$$0000000F) for .ARM.Collect$$libinit$$0000000F
    libinit2.o(.ARM.Collect$$libinit$$00000018) refers to libinit2.o(.ARM.Collect$$libinit$$0000000F) for .ARM.Collect$$libinit$$0000000F
    libinit2.o(.ARM.Collect$$libinit$$00000026) refers to argv_veneer.o(.emb_text) for __ARM_argv_veneer
    libinit2.o(.ARM.Collect$$libinit$$00000027) refers to argv_veneer.o(.emb_text) for __ARM_argv_veneer
    sys_command.o(.text) refers (Special) to use_no_semi.o(.text) for __I$use$semihosting
    sys_command.o(.text) refers (Special) to indicate_semi.o(.text) for __semihosting_library_function
    sys_command_hlt.o(.text) refers (Special) to use_no_semi.o(.text) for __I$use$semihosting
    sys_command_hlt.o(.text) refers (Special) to indicate_semi.o(.text) for __semihosting_library_function
    libspace.o(.text) refers to libspace.o(.bss) for __libspace_start
    __rtentry2.o(.ARM.Collect$$rtentry$$00000008) refers to boardinit2.o(.text) for _platform_post_stackheap_init
    __rtentry2.o(.ARM.Collect$$rtentry$$0000000A) refers to libinit.o(.ARM.Collect$$libinit$$00000000) for __rt_lib_init
    __rtentry2.o(.ARM.Collect$$rtentry$$0000000B) refers to boardinit3.o(.text) for _platform_post_lib_init
    __rtentry2.o(.ARM.Collect$$rtentry$$0000000D) refers to main.o(.text.main) for main
    __rtentry2.o(.ARM.Collect$$rtentry$$0000000D) refers to exit.o(.text) for exit
    __rtentry2.o(.ARM.exidx) refers to __rtentry2.o(.ARM.Collect$$rtentry$$00000001) for .ARM.Collect$$rtentry$$00000001
    __rtentry2.o(.ARM.exidx) refers to __rtentry2.o(.ARM.Collect$$rtentry$$00000008) for .ARM.Collect$$rtentry$$00000008
    __rtentry2.o(.ARM.exidx) refers to __rtentry2.o(.ARM.Collect$$rtentry$$0000000A) for .ARM.Collect$$rtentry$$0000000A
    __rtentry2.o(.ARM.exidx) refers to __rtentry2.o(.ARM.Collect$$rtentry$$0000000B) for .ARM.Collect$$rtentry$$0000000B
    __rtentry2.o(.ARM.exidx) refers to __rtentry2.o(.ARM.Collect$$rtentry$$0000000D) for .ARM.Collect$$rtentry$$0000000D
    __rtentry4.o(.ARM.Collect$$rtentry$$00000004) refers to sys_stackheap_outer.o(.text) for __user_setup_stackheap
    __rtentry4.o(.ARM.exidx) refers to __rtentry4.o(.ARM.Collect$$rtentry$$00000004) for .ARM.Collect$$rtentry$$00000004
    maybetermalloc2.o(.text) refers (Special) to term_alloc.o(.text) for _terminate_alloc
    h1_extend.o(.text) refers to h1_free.o(.text) for free
    h1_extend_threads.o(.text) refers to h1_free_threads.o(.text) for free_internal$concurrent
    defsig_rtmem_outer.o(.text) refers to defsig_rtmem_inner.o(.text) for __rt_SIGRTMEM_inner
    defsig_rtmem_outer.o(.text) refers to defsig_exit.o(.text) for __sig_exit
    defsig_rtmem_formal.o(.text) refers to rt_raise.o(.text) for __rt_raise
    heapauxa.o(.text) refers to heapauxa.o(.data) for .data
    argv_veneer.o(.emb_text) refers to no_argv.o(.text) for __ARM_get_argv
    sys_stackheap_outer.o(.text) refers to libspace.o(.text) for __user_perproc_libspace
    sys_stackheap_outer.o(.text) refers to startup_stm32f10x_md.o(.text) for __user_initial_stackheap
    rt_raise.o(.text) refers to __raise.o(.text) for __raise
    rt_raise.o(.text) refers to sys_exit.o(.text) for _sys_exit
    term_alloc.o(.text) refers (Special) to libshutdown2.o(.ARM.Collect$$libshutdown$$0000000E) for __rt_lib_shutdown_heap_2
    term_alloc.o(.text) refers to rt_heap_descriptor_intlibspace.o(.text) for __rt_heap_descriptor
    term_alloc.o(.text) refers to h1_final.o(.text) for __Heap_Finalize
    exit.o(.text) refers to rtexit.o(.ARM.Collect$$rtexit$$00000000) for __rt_exit
    defsig_exit.o(.text) refers to sys_exit.o(.text) for _sys_exit
    defsig_rtmem_inner.o(.text) refers to defsig_general.o(.text) for __default_signal_display
    _get_argv_nomalloc.o(.text) refers (Special) to hrguard.o(.text) for __heap_region$guard
    _get_argv_nomalloc.o(.text) refers to defsig_rtmem_outer.o(.text) for __rt_SIGRTMEM
    _get_argv_nomalloc.o(.text) refers to sys_command.o(.text) for _sys_command_string
    libinit.o(.ARM.Collect$$libinit$$00000000) refers (Special) to libinit2.o(.ARM.Collect$$libinit$$0000002E) for __rt_lib_init_alloca_1
    libinit.o(.ARM.Collect$$libinit$$00000000) refers (Special) to libinit2.o(.ARM.Collect$$libinit$$0000002C) for __rt_lib_init_argv_1
    libinit.o(.ARM.Collect$$libinit$$00000000) refers (Special) to libinit2.o(.ARM.Collect$$libinit$$0000001B) for __rt_lib_init_atexit_1
    libinit.o(.ARM.Collect$$libinit$$00000000) refers (Special) to libinit2.o(.ARM.Collect$$libinit$$00000021) for __rt_lib_init_clock_1
    libinit.o(.ARM.Collect$$libinit$$00000000) refers (Special) to libinit2.o(.ARM.Collect$$libinit$$00000032) for __rt_lib_init_cpp_1
    libinit.o(.ARM.Collect$$libinit$$00000000) refers (Special) to libinit2.o(.ARM.Collect$$libinit$$00000030) for __rt_lib_init_exceptions_1
    libinit.o(.ARM.Collect$$libinit$$00000000) refers (Special) to libinit2.o(.ARM.Collect$$libinit$$00000002) for __rt_lib_init_fp_1
    libinit.o(.ARM.Collect$$libinit$$00000000) refers (Special) to libinit2.o(.ARM.Collect$$libinit$$0000001F) for __rt_lib_init_fp_trap_1
    libinit.o(.ARM.Collect$$libinit$$00000000) refers (Special) to libinit2.o(.ARM.Collect$$libinit$$00000023) for __rt_lib_init_getenv_1
    libinit.o(.ARM.Collect$$libinit$$00000000) refers (Special) to libinit2.o(.ARM.Collect$$libinit$$0000000A) for __rt_lib_init_heap_1
    libinit.o(.ARM.Collect$$libinit$$00000000) refers (Special) to libinit2.o(.ARM.Collect$$libinit$$00000011) for __rt_lib_init_lc_collate_1
    libinit.o(.ARM.Collect$$libinit$$00000000) refers (Special) to libinit2.o(.ARM.Collect$$libinit$$00000013) for __rt_lib_init_lc_ctype_1
    libinit.o(.ARM.Collect$$libinit$$00000000) refers (Special) to libinit2.o(.ARM.Collect$$libinit$$00000015) for __rt_lib_init_lc_monetary_1
    libinit.o(.ARM.Collect$$libinit$$00000000) refers (Special) to libinit2.o(.ARM.Collect$$libinit$$00000017) for __rt_lib_init_lc_numeric_1
    libinit.o(.ARM.Collect$$libinit$$00000000) refers (Special) to libinit2.o(.ARM.Collect$$libinit$$00000019) for __rt_lib_init_lc_time_1
    libinit.o(.ARM.Collect$$libinit$$00000000) refers (Special) to libinit2.o(.ARM.Collect$$libinit$$00000004) for __rt_lib_init_preinit_1
    libinit.o(.ARM.Collect$$libinit$$00000000) refers (Special) to libinit2.o(.ARM.Collect$$libinit$$0000000E) for __rt_lib_init_rand_1
    libinit.o(.ARM.Collect$$libinit$$00000000) refers (Special) to libinit2.o(.ARM.Collect$$libinit$$00000033) for __rt_lib_init_return
    libinit.o(.ARM.Collect$$libinit$$00000000) refers (Special) to libinit2.o(.ARM.Collect$$libinit$$0000001D) for __rt_lib_init_signal_1
    libinit.o(.ARM.Collect$$libinit$$00000000) refers (Special) to libinit2.o(.ARM.Collect$$libinit$$00000025) for __rt_lib_init_stdio_1
    libinit.o(.ARM.Collect$$libinit$$00000000) refers (Special) to libinit2.o(.ARM.Collect$$libinit$$0000000C) for __rt_lib_init_user_alloc_1
    sys_exit.o(.text) refers (Special) to use_no_semi.o(.text) for __I$use$semihosting
    sys_exit.o(.text) refers (Special) to indicate_semi.o(.text) for __semihosting_library_function
    sys_exit_hlt.o(.text) refers (Special) to use_no_semi.o(.text) for __I$use$semihosting
    sys_exit_hlt.o(.text) refers (Special) to indicate_semi.o(.text) for __semihosting_library_function
    rtexit.o(.ARM.Collect$$rtexit$$00000000) refers (Special) to rtexit2.o(.ARM.Collect$$rtexit$$00000004) for __rt_exit_exit
    rtexit.o(.ARM.Collect$$rtexit$$00000000) refers (Special) to rtexit2.o(.ARM.Collect$$rtexit$$00000003) for __rt_exit_ls
    rtexit.o(.ARM.Collect$$rtexit$$00000000) refers (Special) to rtexit2.o(.ARM.Collect$$rtexit$$00000002) for __rt_exit_prels_1
    rtexit.o(.ARM.exidx) refers (Special) to rtexit2.o(.ARM.Collect$$rtexit$$00000004) for __rt_exit_exit
    rtexit.o(.ARM.exidx) refers (Special) to rtexit2.o(.ARM.Collect$$rtexit$$00000003) for __rt_exit_ls
    rtexit.o(.ARM.exidx) refers (Special) to rtexit2.o(.ARM.Collect$$rtexit$$00000002) for __rt_exit_prels_1
    rtexit.o(.ARM.exidx) refers to rtexit.o(.ARM.Collect$$rtexit$$00000000) for .ARM.Collect$$rtexit$$00000000
    __raise.o(.text) refers to defsig.o(CL$$defsig) for __default_signal_handler
    defsig_general.o(.text) refers to sys_wrch.o(.text) for _ttywrch
    libshutdown2.o(.ARM.Collect$$libshutdown$$0000000D) refers (Weak) to term_alloc.o(.text) for _terminate_alloc
    sys_wrch.o(.text) refers (Special) to use_no_semi.o(.text) for __I$use$semihosting
    sys_wrch.o(.text) refers (Special) to indicate_semi.o(.text) for __semihosting_library_function
    sys_wrch_hlt.o(.text) refers (Special) to use_no_semi.o(.text) for __I$use$semihosting
    sys_wrch_hlt.o(.text) refers (Special) to indicate_semi.o(.text) for __semihosting_library_function
    rtexit2.o(.ARM.Collect$$rtexit$$00000003) refers to libshutdown.o(.ARM.Collect$$libshutdown$$00000000) for __rt_lib_shutdown
    rtexit2.o(.ARM.Collect$$rtexit$$00000004) refers to sys_exit.o(.text) for _sys_exit
    rtexit2.o(.ARM.exidx) refers to rtexit2.o(.ARM.Collect$$rtexit$$00000001) for .ARM.Collect$$rtexit$$00000001
    rtexit2.o(.ARM.exidx) refers to rtexit2.o(.ARM.Collect$$rtexit$$00000003) for .ARM.Collect$$rtexit$$00000003
    rtexit2.o(.ARM.exidx) refers to rtexit2.o(.ARM.Collect$$rtexit$$00000004) for .ARM.Collect$$rtexit$$00000004
    defsig.o(CL$$defsig) refers to defsig_rtmem_inner.o(.text) for __rt_SIGRTMEM_inner
    defsig_abrt_inner.o(.text) refers to defsig_general.o(.text) for __default_signal_display
    defsig_fpe_inner.o(.text) refers to defsig_general.o(.text) for __default_signal_display
    defsig_rtred_inner.o(.text) refers to defsig_general.o(.text) for __default_signal_display
    defsig_stak_inner.o(.text) refers to defsig_general.o(.text) for __default_signal_display
    defsig_pvfn_inner.o(.text) refers to defsig_general.o(.text) for __default_signal_display
    defsig_cppl_inner.o(.text) refers to defsig_general.o(.text) for __default_signal_display
    defsig_segv_inner.o(.text) refers to defsig_general.o(.text) for __default_signal_display
    defsig_other.o(.text) refers to defsig_general.o(.text) for __default_signal_display
    libshutdown.o(.ARM.Collect$$libshutdown$$00000000) refers (Special) to libshutdown2.o(.ARM.Collect$$libshutdown$$00000002) for __rt_lib_shutdown_cpp_1
    libshutdown.o(.ARM.Collect$$libshutdown$$00000000) refers (Special) to libshutdown2.o(.ARM.Collect$$libshutdown$$00000007) for __rt_lib_shutdown_fp_trap_1
    libshutdown.o(.ARM.Collect$$libshutdown$$00000000) refers (Special) to libshutdown2.o(.ARM.Collect$$libshutdown$$0000000F) for __rt_lib_shutdown_heap_1
    libshutdown.o(.ARM.Collect$$libshutdown$$00000000) refers (Special) to libshutdown2.o(.ARM.Collect$$libshutdown$$00000010) for __rt_lib_shutdown_return
    libshutdown.o(.ARM.Collect$$libshutdown$$00000000) refers (Special) to libshutdown2.o(.ARM.Collect$$libshutdown$$0000000A) for __rt_lib_shutdown_signal_1
    libshutdown.o(.ARM.Collect$$libshutdown$$00000000) refers (Special) to libshutdown2.o(.ARM.Collect$$libshutdown$$00000004) for __rt_lib_shutdown_stdio_1
    libshutdown.o(.ARM.Collect$$libshutdown$$00000000) refers (Special) to libshutdown2.o(.ARM.Collect$$libshutdown$$0000000C) for __rt_lib_shutdown_user_alloc_1


==============================================================================

Removing Unused input sections from the image.

    Removing keypadscan.o(.text), (0 bytes).
    Removing keypadscan.o(.ARM.exidx.text.KEYPAD_Init), (8 bytes).
    Removing keypadscan.o(.ARM.exidx.text.KEYPAD_Scan), (8 bytes).
    Removing keypadscan.o(.ARM.exidx.text.getKeyPressed), (8 bytes).
    Removing lcd.o(.text), (0 bytes).
    Removing lcd.o(.ARM.exidx.text.LCDstring), (8 bytes).
    Removing lcd.o(.ARM.exidx.text.LCDsendChar), (8 bytes).
    Removing lcd.o(.ARM.exidx.text.LCDinit), (8 bytes).
    Removing lcd.o(.ARM.exidx.text.LCDsendCommand), (8 bytes).
    Removing lcd.o(.ARM.exidx.text.LCDputValue), (8 bytes).
    Removing lcd.o(.ARM.exidx.text.LCDGotoXY), (8 bytes).
    Removing lcd.o(.ARM.exidx.text.LCDclr), (8 bytes).
    Removing lcd.o(.ARM.exidx.text.LCDcursorOFF), (8 bytes).
    Removing main.o(.text), (0 bytes).
    Removing main.o(.ARM.exidx.text.main), (8 bytes).
    Removing main.o(.ARM.use_no_argv), (4 bytes).
    Removing mef.o(.text), (0 bytes).
    Removing mef.o(.ARM.exidx.text.MEF_Init), (8 bytes).
    Removing mef.o(.ARM.exidx.text.MEF_Update), (8 bytes).
    Removing mef.o(.ARM.exidx.text.changeING_CLAVE), (8 bytes).
    Removing mef.o(.ARM.exidx.text.OutIdle), (8 bytes).
    Removing mef.o(.ARM.exidx.text.Out_IngClave), (8 bytes).
    Removing mef.o(.ARM.exidx.text.ClaveCorrecta), (8 bytes).
    Removing mef.o(.ARM.exidx.text.ChangeABIERTO), (8 bytes).
    Removing mef.o(.ARM.exidx.text.ChangeCLAVE_INC), (8 bytes).
    Removing mef.o(.ARM.exidx.text.OutClaveInc), (8 bytes).
    Removing mef.o(.ARM.exidx.text.Clave_IncTime), (8 bytes).
    Removing mef.o(.ARM.exidx.text.ChangeIDLE), (8 bytes).
    Removing mef.o(.ARM.exidx.text.OutAbierto), (8 bytes).
    Removing mef.o(.ARM.exidx.text.AbiertoTime), (8 bytes).
    Removing timer.o(.text), (0 bytes).
    Removing timer.o(.ARM.exidx.text.TIMER_Init), (8 bytes).
    Removing timer.o(.ARM.exidx.text.TIMER_ModificarHora), (8 bytes).
    Removing timer.o(.ARM.exidx.text.TIMER_ModificarMinutos), (8 bytes).
    Removing timer.o(.ARM.exidx.text.TIMER_ModificarSegundos), (8 bytes).
    Removing timer.o(.ARM.exidx.text.TIMER_Update), (8 bytes).
    Removing timer.o(.ARM.exidx.text.TIMER_GetHora), (8 bytes).
    Removing utils.o(.text), (0 bytes).
    Removing utils.o(.ARM.exidx.text.delay_us), (8 bytes).
    Removing seos.o(.text), (0 bytes).
    Removing seos.o(.ARM.exidx.text.SEOS_Init), (8 bytes).
    Removing seos.o(.ARM.exidx.text.SEOS_Dispatch_Tasks), (8 bytes).
    Removing seos.o(.text.ISR), (40 bytes).
    Removing seos.o(.ARM.exidx.text.ISR), (8 bytes).
    Removing seos.o(.bss.iCont), (1 bytes).
    Removing system_stm32f10x.o(.text), (0 bytes).
    Removing system_stm32f10x.o(.ARM.exidx.text.SystemInit), (8 bytes).
    Removing system_stm32f10x.o(.ARM.exidx.text.SetSysClock), (8 bytes).
    Removing system_stm32f10x.o(.text.SystemCoreClockUpdate), (110 bytes).
    Removing system_stm32f10x.o(.ARM.exidx.text.SystemCoreClockUpdate), (8 bytes).
    Removing system_stm32f10x.o(.ARM.exidx.text.SetSysClockTo72), (8 bytes).
    Removing system_stm32f10x.o(.data.SystemCoreClock), (4 bytes).
    Removing system_stm32f10x.o(.rodata.AHBPrescTable), (16 bytes).

53 unused section(s) (total 487 bytes) removed from the image.

==============================================================================

Image Symbol Table

    Local Symbols

    Symbol Name                              Value     Ov Type        Size  Object(Section)

    ../clib/angel/boardlib.s                 0x00000000   Number         0  boardinit1.o ABSOLUTE
    ../clib/angel/boardlib.s                 0x00000000   Number         0  boardinit2.o ABSOLUTE
    ../clib/angel/boardlib.s                 0x00000000   Number         0  boardinit3.o ABSOLUTE
    ../clib/angel/boardlib.s                 0x00000000   Number         0  boardshut.o ABSOLUTE
    ../clib/angel/handlers.s                 0x00000000   Number         0  __scatter_copy.o ABSOLUTE
    ../clib/angel/handlers.s                 0x00000000   Number         0  __scatter_zi.o ABSOLUTE
    ../clib/angel/kernel.s                   0x00000000   Number         0  __rtentry.o ABSOLUTE
    ../clib/angel/kernel.s                   0x00000000   Number         0  __rtentry2.o ABSOLUTE
    ../clib/angel/kernel.s                   0x00000000   Number         0  __rtentry4.o ABSOLUTE
    ../clib/angel/kernel.s                   0x00000000   Number         0  rtexit.o ABSOLUTE
    ../clib/angel/kernel.s                   0x00000000   Number         0  rtexit2.o ABSOLUTE
    ../clib/angel/rt.s                       0x00000000   Number         0  rt_heap_descriptor.o ABSOLUTE
    ../clib/angel/rt.s                       0x00000000   Number         0  rt_heap_descriptor_intlibspace.o ABSOLUTE
    ../clib/angel/rt.s                       0x00000000   Number         0  rt_raise.o ABSOLUTE
    ../clib/angel/scatter.s                  0x00000000   Number         0  __scatter.o ABSOLUTE
    ../clib/angel/startup.s                  0x00000000   Number         0  __main.o ABSOLUTE
    ../clib/angel/sys.s                      0x00000000   Number         0  mutex_dummy.o ABSOLUTE
    ../clib/angel/sys.s                      0x00000000   Number         0  libspace.o ABSOLUTE
    ../clib/angel/sys.s                      0x00000000   Number         0  use_no_semi.o ABSOLUTE
    ../clib/angel/sys.s                      0x00000000   Number         0  indicate_semi.o ABSOLUTE
    ../clib/angel/sys.s                      0x00000000   Number         0  sys_stackheap_outer.o ABSOLUTE
    ../clib/angel/sysapp.c                   0x00000000   Number         0  sys_command.o ABSOLUTE
    ../clib/angel/sysapp.c                   0x00000000   Number         0  sys_command_hlt.o ABSOLUTE
    ../clib/angel/sysapp.c                   0x00000000   Number         0  sys_exit.o ABSOLUTE
    ../clib/angel/sysapp.c                   0x00000000   Number         0  sys_exit_hlt.o ABSOLUTE
    ../clib/angel/sysapp.c                   0x00000000   Number         0  sys_wrch.o ABSOLUTE
    ../clib/angel/sysapp.c                   0x00000000   Number         0  sys_wrch_hlt.o ABSOLUTE
    ../clib/armsys.c                         0x00000000   Number         0  _get_argv.o ABSOLUTE
    ../clib/armsys.c                         0x00000000   Number         0  argv_veneer.o ABSOLUTE
    ../clib/armsys.c                         0x00000000   Number         0  argv_veneer.o ABSOLUTE
    ../clib/armsys.c                         0x00000000   Number         0  _get_argv_nomalloc.o ABSOLUTE
    ../clib/armsys.c                         0x00000000   Number         0  no_argv.o ABSOLUTE
    ../clib/heap1.c                          0x00000000   Number         0  h1_alloc.o ABSOLUTE
    ../clib/heap1.c                          0x00000000   Number         0  h1_free.o ABSOLUTE
    ../clib/heap1.c                          0x00000000   Number         0  h1_alloc_threads.o ABSOLUTE
    ../clib/heap1.c                          0x00000000   Number         0  h1_free_threads.o ABSOLUTE
    ../clib/heap1.c                          0x00000000   Number         0  h1_init.o ABSOLUTE
    ../clib/heap1.c                          0x00000000   Number         0  h1_init_threads.o ABSOLUTE
    ../clib/heap1.c                          0x00000000   Number         0  h1_extend.o ABSOLUTE
    ../clib/heap1.c                          0x00000000   Number         0  h1_extend_threads.o ABSOLUTE
    ../clib/heap1.c                          0x00000000   Number         0  h1_final.o ABSOLUTE
    ../clib/heap1.c                          0x00000000   Number         0  h1_final_threads.o ABSOLUTE
    ../clib/heap2.c                          0x00000000   Number         0  heap2.o ABSOLUTE
    ../clib/heap2.c                          0x00000000   Number         0  heap2_threads.o ABSOLUTE
    ../clib/heap2.c                          0x00000000   Number         0  fdtree.o ABSOLUTE
    ../clib/heapalloc.c                      0x00000000   Number         0  malloc.o ABSOLUTE
    ../clib/heapalloc.c                      0x00000000   Number         0  free.o ABSOLUTE
    ../clib/heapalloc.c                      0x00000000   Number         0  hguard.o ABSOLUTE
    ../clib/heapalloc.c                      0x00000000   Number         0  init_alloc.o ABSOLUTE
    ../clib/heapalloc.c                      0x00000000   Number         0  heapstubs.o ABSOLUTE
    ../clib/heapalloc.c                      0x00000000   Number         0  hrguard.o ABSOLUTE
    ../clib/heapalloc.c                      0x00000000   Number         0  term_alloc.o ABSOLUTE
    ../clib/heapaux.c                        0x00000000   Number         0  heapauxi.o ABSOLUTE
    ../clib/heapaux.c                        0x00000000   Number         0  heapauxa.o ABSOLUTE
    ../clib/libinit.s                        0x00000000   Number         0  libinit2.o ABSOLUTE
    ../clib/libinit.s                        0x00000000   Number         0  libinit.o ABSOLUTE
    ../clib/libinit.s                        0x00000000   Number         0  libshutdown2.o ABSOLUTE
    ../clib/libinit.s                        0x00000000   Number         0  libshutdown.o ABSOLUTE
    ../clib/maybe.s                          0x00000000   Number         0  maybetermalloc1.o ABSOLUTE
    ../clib/maybe.s                          0x00000000   Number         0  maybetermalloc2.o ABSOLUTE
    ../clib/memcpset.s                       0x00000000   Number         0  rt_memcpy_w.o ABSOLUTE
    ../clib/signal.c                         0x00000000   Number         0  defsig_rtmem_outer.o ABSOLUTE
    ../clib/signal.c                         0x00000000   Number         0  defsig_rtmem_formal.o ABSOLUTE
    ../clib/signal.c                         0x00000000   Number         0  defsig_exit.o ABSOLUTE
    ../clib/signal.c                         0x00000000   Number         0  defsig_rtmem_inner.o ABSOLUTE
    ../clib/signal.c                         0x00000000   Number         0  __raise.o ABSOLUTE
    ../clib/signal.c                         0x00000000   Number         0  defsig_general.o ABSOLUTE
    ../clib/signal.c                         0x00000000   Number         0  defsig_abrt_inner.o ABSOLUTE
    ../clib/signal.c                         0x00000000   Number         0  defsig_fpe_inner.o ABSOLUTE
    ../clib/signal.c                         0x00000000   Number         0  defsig_rtred_inner.o ABSOLUTE
    ../clib/signal.c                         0x00000000   Number         0  defsig_stak_inner.o ABSOLUTE
    ../clib/signal.c                         0x00000000   Number         0  defsig_pvfn_inner.o ABSOLUTE
    ../clib/signal.c                         0x00000000   Number         0  defsig_cppl_inner.o ABSOLUTE
    ../clib/signal.c                         0x00000000   Number         0  defsig_segv_inner.o ABSOLUTE
    ../clib/signal.c                         0x00000000   Number         0  defsig_other.o ABSOLUTE
    ../clib/signal.s                         0x00000000   Number         0  defsig.o ABSOLUTE
    ../clib/stdlib.c                         0x00000000   Number         0  exit.o ABSOLUTE
    ../fplib/fpinit.s                        0x00000000   Number         0  fpinit.o ABSOLUTE
    ../fplib/fpinit_empty.s                  0x00000000   Number         0  fpinit_empty.o ABSOLUTE
    MEF.c                                    0x00000000   Number         0  mef.o ABSOLUTE
    RTE/Device/STM32F103C8/startup_stm32f10x_md.s 0x00000000   Number         0  startup_stm32f10x_md.o ABSOLUTE
    dc.s                                     0x00000000   Number         0  dc.o ABSOLUTE
    keypadScan.c                             0x00000000   Number         0  keypadscan.o ABSOLUTE
    lcd.c                                    0x00000000   Number         0  lcd.o ABSOLUTE
    main.c                                   0x00000000   Number         0  main.o ABSOLUTE
    seos.c                                   0x00000000   Number         0  seos.o ABSOLUTE
    system_stm32f10x.c                       0x00000000   Number         0  system_stm32f10x.o ABSOLUTE
    timer.c                                  0x00000000   Number         0  timer.o ABSOLUTE
    utils.c                                  0x00000000   Number         0  utils.o ABSOLUTE
    RESET                                    0x08000000   Section      236  startup_stm32f10x_md.o(RESET)
    !!!main                                  0x080000ec   Section        8  __main.o(!!!main)
    !!!scatter                               0x080000f4   Section       52  __scatter.o(!!!scatter)
    !!handler_copy                           0x08000128   Section       26  __scatter_copy.o(!!handler_copy)
    !!handler_zi                             0x08000144   Section       28  __scatter_zi.o(!!handler_zi)
    .ARM.Collect$$libinit$$00000000          0x08000160   Section        2  libinit.o(.ARM.Collect$$libinit$$00000000)
    .ARM.Collect$$libinit$$00000002          0x08000162   Section        0  libinit2.o(.ARM.Collect$$libinit$$00000002)
    .ARM.Collect$$libinit$$00000004          0x08000162   Section        0  libinit2.o(.ARM.Collect$$libinit$$00000004)
    .ARM.Collect$$libinit$$00000005          0x08000162   Section        8  libinit2.o(.ARM.Collect$$libinit$$00000005)
    .ARM.Collect$$libinit$$0000000A          0x0800016a   Section        0  libinit2.o(.ARM.Collect$$libinit$$0000000A)
    .ARM.Collect$$libinit$$0000000C          0x0800016a   Section        0  libinit2.o(.ARM.Collect$$libinit$$0000000C)
    .ARM.Collect$$libinit$$0000000E          0x0800016a   Section        0  libinit2.o(.ARM.Collect$$libinit$$0000000E)
    .ARM.Collect$$libinit$$00000011          0x0800016a   Section        0  libinit2.o(.ARM.Collect$$libinit$$00000011)
    .ARM.Collect$$libinit$$00000013          0x0800016a   Section        0  libinit2.o(.ARM.Collect$$libinit$$00000013)
    .ARM.Collect$$libinit$$00000015          0x0800016a   Section        0  libinit2.o(.ARM.Collect$$libinit$$00000015)
    .ARM.Collect$$libinit$$00000017          0x0800016a   Section        0  libinit2.o(.ARM.Collect$$libinit$$00000017)
    .ARM.Collect$$libinit$$00000019          0x0800016a   Section        0  libinit2.o(.ARM.Collect$$libinit$$00000019)
    .ARM.Collect$$libinit$$0000001B          0x0800016a   Section        0  libinit2.o(.ARM.Collect$$libinit$$0000001B)
    .ARM.Collect$$libinit$$0000001D          0x0800016a   Section        0  libinit2.o(.ARM.Collect$$libinit$$0000001D)
    .ARM.Collect$$libinit$$0000001F          0x0800016a   Section        0  libinit2.o(.ARM.Collect$$libinit$$0000001F)
    .ARM.Collect$$libinit$$00000021          0x0800016a   Section        0  libinit2.o(.ARM.Collect$$libinit$$00000021)
    .ARM.Collect$$libinit$$00000023          0x0800016a   Section        0  libinit2.o(.ARM.Collect$$libinit$$00000023)
    .ARM.Collect$$libinit$$00000025          0x0800016a   Section        0  libinit2.o(.ARM.Collect$$libinit$$00000025)
    .ARM.Collect$$libinit$$0000002C          0x0800016a   Section        0  libinit2.o(.ARM.Collect$$libinit$$0000002C)
    .ARM.Collect$$libinit$$0000002E          0x0800016a   Section        0  libinit2.o(.ARM.Collect$$libinit$$0000002E)
    .ARM.Collect$$libinit$$00000030          0x0800016a   Section        0  libinit2.o(.ARM.Collect$$libinit$$00000030)
    .ARM.Collect$$libinit$$00000032          0x0800016a   Section        0  libinit2.o(.ARM.Collect$$libinit$$00000032)
    .ARM.Collect$$libinit$$00000033          0x0800016a   Section        2  libinit2.o(.ARM.Collect$$libinit$$00000033)
    .ARM.Collect$$libshutdown$$00000000      0x0800016c   Section        2  libshutdown.o(.ARM.Collect$$libshutdown$$00000000)
    .ARM.Collect$$libshutdown$$00000002      0x0800016e   Section        0  libshutdown2.o(.ARM.Collect$$libshutdown$$00000002)
    .ARM.Collect$$libshutdown$$00000004      0x0800016e   Section        0  libshutdown2.o(.ARM.Collect$$libshutdown$$00000004)
    .ARM.Collect$$libshutdown$$00000007      0x0800016e   Section        0  libshutdown2.o(.ARM.Collect$$libshutdown$$00000007)
    .ARM.Collect$$libshutdown$$0000000A      0x0800016e   Section        0  libshutdown2.o(.ARM.Collect$$libshutdown$$0000000A)
    .ARM.Collect$$libshutdown$$0000000C      0x0800016e   Section        0  libshutdown2.o(.ARM.Collect$$libshutdown$$0000000C)
    .ARM.Collect$$libshutdown$$0000000F      0x0800016e   Section        0  libshutdown2.o(.ARM.Collect$$libshutdown$$0000000F)
    .ARM.Collect$$libshutdown$$00000010      0x0800016e   Section        2  libshutdown2.o(.ARM.Collect$$libshutdown$$00000010)
    .ARM.Collect$$rtentry$$00000000          0x08000170   Section        0  __rtentry.o(.ARM.Collect$$rtentry$$00000000)
    .ARM.Collect$$rtentry$$00000002          0x08000170   Section        0  __rtentry2.o(.ARM.Collect$$rtentry$$00000002)
    .ARM.Collect$$rtentry$$00000004          0x08000170   Section        6  __rtentry4.o(.ARM.Collect$$rtentry$$00000004)
    .ARM.Collect$$rtentry$$00000009          0x08000176   Section        0  __rtentry2.o(.ARM.Collect$$rtentry$$00000009)
    .ARM.Collect$$rtentry$$0000000A          0x08000176   Section        4  __rtentry2.o(.ARM.Collect$$rtentry$$0000000A)
    .ARM.Collect$$rtentry$$0000000C          0x0800017a   Section        0  __rtentry2.o(.ARM.Collect$$rtentry$$0000000C)
    .ARM.Collect$$rtentry$$0000000D          0x0800017a   Section        8  __rtentry2.o(.ARM.Collect$$rtentry$$0000000D)
    .ARM.Collect$$rtexit$$00000000           0x08000182   Section        2  rtexit.o(.ARM.Collect$$rtexit$$00000000)
    .ARM.Collect$$rtexit$$00000002           0x08000184   Section        0  rtexit2.o(.ARM.Collect$$rtexit$$00000002)
    .ARM.Collect$$rtexit$$00000003           0x08000184   Section        4  rtexit2.o(.ARM.Collect$$rtexit$$00000003)
    .ARM.Collect$$rtexit$$00000004           0x08000188   Section        6  rtexit2.o(.ARM.Collect$$rtexit$$00000004)
    .text                                    0x08000190   Section       64  startup_stm32f10x_md.o(.text)
    .text                                    0x080001d0   Section        0  h1_alloc.o(.text)
    .text                                    0x0800022e   Section        0  h1_free.o(.text)
    .text                                    0x0800027c   Section        0  heapauxi.o(.text)
    .text                                    0x08000284   Section        8  rt_heap_descriptor_intlibspace.o(.text)
    .text                                    0x0800028c   Section        0  hguard.o(.text)
    .text                                    0x08000290   Section        0  init_alloc.o(.text)
    .text                                    0x0800031a   Section        0  h1_init.o(.text)
    .text                                    0x08000328   Section        8  libspace.o(.text)
    .text                                    0x08000330   Section        0  maybetermalloc1.o(.text)
    .text                                    0x08000330   Section        0  h1_extend.o(.text)
    .text                                    0x08000364   Section        0  defsig_rtmem_outer.o(.text)
    .text                                    0x08000372   Section        2  use_no_semi.o(.text)
    .text                                    0x08000374   Section        0  indicate_semi.o(.text)
    .text                                    0x08000374   Section       74  sys_stackheap_outer.o(.text)
    .text                                    0x080003be   Section        0  exit.o(.text)
    .text                                    0x080003d0   Section        0  defsig_exit.o(.text)
    .text                                    0x080003dc   Section        0  defsig_rtmem_inner.o(.text)
    .text                                    0x0800042c   Section        0  sys_exit.o(.text)
    .text                                    0x08000438   Section        0  defsig_general.o(.text)
    .text                                    0x0800046a   Section        0  sys_wrch.o(.text)
    AbiertoTime                              0x08000479   Thumb Code    34  mef.o(.text.AbiertoTime)
    [Anonymous Symbol]                       0x08000478   Section        0  mef.o(.text.AbiertoTime)
    ChangeABIERTO                            0x0800049d   Thumb Code    26  mef.o(.text.ChangeABIERTO)
    [Anonymous Symbol]                       0x0800049c   Section        0  mef.o(.text.ChangeABIERTO)
    ChangeCLAVE_INC                          0x080004b9   Thumb Code    26  mef.o(.text.ChangeCLAVE_INC)
    [Anonymous Symbol]                       0x080004b8   Section        0  mef.o(.text.ChangeCLAVE_INC)
    ChangeIDLE                               0x080004d5   Thumb Code    50  mef.o(.text.ChangeIDLE)
    [Anonymous Symbol]                       0x080004d4   Section        0  mef.o(.text.ChangeIDLE)
    ClaveCorrecta                            0x08000509   Thumb Code    48  mef.o(.text.ClaveCorrecta)
    [Anonymous Symbol]                       0x08000508   Section        0  mef.o(.text.ClaveCorrecta)
    claveAct                                 0x08000538   Number         0  mef.o(.text.ClaveCorrecta)
    Clave_IncTime                            0x0800053d   Thumb Code    32  mef.o(.text.Clave_IncTime)
    [Anonymous Symbol]                       0x0800053c   Section        0  mef.o(.text.Clave_IncTime)
    [Anonymous Symbol]                       0x0800055c   Section        0  keypadscan.o(.text.KEYPAD_Init)
    [Anonymous Symbol]                       0x08000570   Section        0  keypadscan.o(.text.KEYPAD_Scan)
    [Anonymous Symbol]                       0x080005c8   Section        0  lcd.o(.text.LCDGotoXY)
    [Anonymous Symbol]                       0x080005ec   Section        0  lcd.o(.text.LCDclr)
    [Anonymous Symbol]                       0x080005f8   Section        0  lcd.o(.text.LCDcursorOFF)
    [Anonymous Symbol]                       0x08000604   Section        0  lcd.o(.text.LCDinit)
    [Anonymous Symbol]                       0x08000658   Section        0  lcd.o(.text.LCDputValue)
    [Anonymous Symbol]                       0x080006b4   Section        0  lcd.o(.text.LCDsendChar)
    [Anonymous Symbol]                       0x080006c8   Section        0  lcd.o(.text.LCDsendCommand)
    [Anonymous Symbol]                       0x080006dc   Section        0  lcd.o(.text.LCDstring)
    [Anonymous Symbol]                       0x080006fc   Section        0  mef.o(.text.MEF_Init)
    [Anonymous Symbol]                       0x08000714   Section        0  mef.o(.text.MEF_Update)
    OutAbierto                               0x080007e9   Thumb Code    24  mef.o(.text.OutAbierto)
    [Anonymous Symbol]                       0x080007e8   Section        0  mef.o(.text.OutAbierto)
    OutClaveInc                              0x08000809   Thumb Code    24  mef.o(.text.OutClaveInc)
    [Anonymous Symbol]                       0x08000808   Section        0  mef.o(.text.OutClaveInc)
    OutIdle                                  0x0800082d   Thumb Code   124  mef.o(.text.OutIdle)
    [Anonymous Symbol]                       0x0800082c   Section        0  mef.o(.text.OutIdle)
    Out_IngClave                             0x080008b1   Thumb Code    46  mef.o(.text.Out_IngClave)
    [Anonymous Symbol]                       0x080008b0   Section        0  mef.o(.text.Out_IngClave)
    [Anonymous Symbol]                       0x080008e0   Section        0  seos.o(.text.SEOS_Dispatch_Tasks)
    [Anonymous Symbol]                       0x08000918   Section        0  seos.o(.text.SEOS_Init)
    SetSysClock                              0x0800091d   Thumb Code     8  system_stm32f10x.o(.text.SetSysClock)
    [Anonymous Symbol]                       0x0800091c   Section        0  system_stm32f10x.o(.text.SetSysClock)
    SetSysClockTo72                          0x08000925   Thumb Code   190  system_stm32f10x.o(.text.SetSysClockTo72)
    [Anonymous Symbol]                       0x08000924   Section        0  system_stm32f10x.o(.text.SetSysClockTo72)
    [Anonymous Symbol]                       0x080009e4   Section        0  system_stm32f10x.o(.text.SystemInit)
    [Anonymous Symbol]                       0x08000a3c   Section        0  timer.o(.text.TIMER_GetHora)
    [Anonymous Symbol]                       0x08000ad4   Section        0  timer.o(.text.TIMER_Init)
    [Anonymous Symbol]                       0x08000aec   Section        0  timer.o(.text.TIMER_ModificarHora)
    [Anonymous Symbol]                       0x08000afc   Section        0  timer.o(.text.TIMER_ModificarMinutos)
    [Anonymous Symbol]                       0x08000b0c   Section        0  timer.o(.text.TIMER_ModificarSegundos)
    [Anonymous Symbol]                       0x08000b1c   Section        0  timer.o(.text.TIMER_Update)
    changeING_CLAVE                          0x08000b69   Thumb Code    80  mef.o(.text.changeING_CLAVE)
    [Anonymous Symbol]                       0x08000b68   Section        0  mef.o(.text.changeING_CLAVE)
    [Anonymous Symbol]                       0x08000bb8   Section        0  utils.o(.text.delay_us)
    getKeyPressed                            0x08000bbd   Thumb Code   124  keypadscan.o(.text.getKeyPressed)
    [Anonymous Symbol]                       0x08000bbc   Section        0  keypadscan.o(.text.getKeyPressed)
    [Anonymous Symbol]                       0x08000c40   Section        0  main.o(.text.main)
    teclas                                   0x08000c62   Data          16  keypadscan.o(.rodata.cst16)
    [Anonymous Symbol]                       0x08000c62   Section        0  keypadscan.o(.rodata.cst16)
    KEYPAD_Scan.Last_valid_key               0x20000000   Data           1  keypadscan.o(.data.KEYPAD_Scan.Last_valid_key)
    [Anonymous Symbol]                       0x20000000   Section        0  keypadscan.o(.data.KEYPAD_Scan.Last_valid_key)
    .bss                                     0x20000008   Section       96  libspace.o(.bss)
    KEYPAD_Scan.Key                          0x20000069   Data           1  keypadscan.o(.bss.KEYPAD_Scan.Key)
    [Anonymous Symbol]                       0x20000069   Section        0  keypadscan.o(.bss.KEYPAD_Scan.Key)
    KEYPAD_Scan.Old_key                      0x2000006a   Data           1  keypadscan.o(.bss.KEYPAD_Scan.Old_key)
    [Anonymous Symbol]                       0x2000006a   Section        0  keypadscan.o(.bss.KEYPAD_Scan.Old_key)
    actHora                                  0x2000006b   Data           1  mef.o(.bss.actHora)
    [Anonymous Symbol]                       0x2000006b   Section        0  mef.o(.bss.actHora)
    claveIng                                 0x2000006c   Data           4  mef.o(.bss.claveIng)
    [Anonymous Symbol]                       0x2000006c   Section        0  mef.o(.bss.claveIng)
    hora                                     0x20000070   Data           4  mef.o(.bss.hora)
    [Anonymous Symbol]                       0x20000070   Section        0  mef.o(.bss.hora)
    hours                                    0x20000074   Data           1  timer.o(.bss.hours)
    [Anonymous Symbol]                       0x20000074   Section        0  timer.o(.bss.hours)
    iClock                                   0x20000075   Data           1  seos.o(.bss.iClock)
    [Anonymous Symbol]                       0x20000075   Section        0  seos.o(.bss.iClock)
    key                                      0x20000076   Data           1  mef.o(.bss.key)
    [Anonymous Symbol]                       0x20000076   Section        0  mef.o(.bss.key)
    minutes                                  0x20000077   Data           1  timer.o(.bss.minutes)
    [Anonymous Symbol]                       0x20000077   Section        0  timer.o(.bss.minutes)
    posClaveIng                              0x20000078   Data           1  mef.o(.bss.posClaveIng)
    [Anonymous Symbol]                       0x20000078   Section        0  mef.o(.bss.posClaveIng)
    seconds                                  0x20000079   Data           1  timer.o(.bss.seconds)
    [Anonymous Symbol]                       0x20000079   Section        0  timer.o(.bss.seconds)
    state_time                               0x2000007a   Data           1  mef.o(.bss.state_time)
    [Anonymous Symbol]                       0x2000007a   Section        0  mef.o(.bss.state_time)
    system_state                             0x2000007b   Data           1  mef.o(.bss.system_state)
    [Anonymous Symbol]                       0x2000007b   Section        0  mef.o(.bss.system_state)
    ticksPerSecond                           0x2000007c   Data           4  mef.o(.bss.ticksPerSecond)
    [Anonymous Symbol]                       0x2000007c   Section        0  mef.o(.bss.ticksPerSecond)
    Heap_Mem                                 0x20000080   Data         512  startup_stm32f10x_md.o(HEAP)
    HEAP                                     0x20000080   Section      512  startup_stm32f10x_md.o(HEAP)
    Stack_Mem                                0x20000280   Data        1024  startup_stm32f10x_md.o(STACK)
    STACK                                    0x20000280   Section     1024  startup_stm32f10x_md.o(STACK)
    __initial_sp                             0x20000680   Data           0  startup_stm32f10x_md.o(STACK)

    Global Symbols

    Symbol Name                              Value     Ov Type        Size  Object(Section)

    BuildAttributes$$THM_ISAv4$P$D$K$B$S$PE$A:L22UL41UL21$X:L11$S22US41US21$IEEE1$IW$~IW$USESV6$~STKCKD$USESV7$~SHL$OTIME$ROPI$EBA8$UX$STANDARDLIB$REQ8$PRES8$EABIv2 0x00000000   Number         0  anon$$obj.o ABSOLUTE
    __fp_init_empty                          0x00000000   Number         0  fpinit_empty.o ABSOLUTE
    __ARM_exceptions_init                     - Undefined Weak Reference
    __alloca_initialize                       - Undefined Weak Reference
    __arm_preinit_                            - Undefined Weak Reference
    __cpp_initialize__aeabi_                  - Undefined Weak Reference
    __cxa_finalize                            - Undefined Weak Reference
    __rt_locale                               - Undefined Weak Reference
    __sigvec_lookup                           - Undefined Weak Reference
    __user_heap_extent                        - Undefined Weak Reference
    _atexit_init                              - Undefined Weak Reference
    _call_atexit_fns                          - Undefined Weak Reference
    _clock_init                               - Undefined Weak Reference
    _fp_trap_init                             - Undefined Weak Reference
    _fp_trap_shutdown                         - Undefined Weak Reference
    _get_lc_collate                           - Undefined Weak Reference
    _get_lc_ctype                             - Undefined Weak Reference
    _get_lc_monetary                          - Undefined Weak Reference
    _get_lc_numeric                           - Undefined Weak Reference
    _get_lc_time                              - Undefined Weak Reference
    _getenv_init                              - Undefined Weak Reference
    _handle_redirection                       - Undefined Weak Reference
    _initio                                   - Undefined Weak Reference
    _mutex_acquire                            - Undefined Weak Reference
    _mutex_free                               - Undefined Weak Reference
    _mutex_release                            - Undefined Weak Reference
    _rand_init                                - Undefined Weak Reference
    _signal_finish                            - Undefined Weak Reference
    _signal_init                              - Undefined Weak Reference
    _terminateio                              - Undefined Weak Reference
    __Vectors_Size                           0x000000ec   Number         0  startup_stm32f10x_md.o ABSOLUTE
    __Vectors                                0x08000000   Data           4  startup_stm32f10x_md.o(RESET)
    __Vectors_End                            0x080000ec   Data           0  startup_stm32f10x_md.o(RESET)
    __main                                   0x080000ed   Thumb Code     8  __main.o(!!!main)
    __scatterload                            0x080000f5   Thumb Code     0  __scatter.o(!!!scatter)
    __scatterload_rt2                        0x080000f5   Thumb Code    44  __scatter.o(!!!scatter)
    __scatterload_rt2_thumb_only             0x080000f5   Thumb Code     0  __scatter.o(!!!scatter)
    __scatterload_null                       0x08000103   Thumb Code     0  __scatter.o(!!!scatter)
    __scatterload_copy                       0x08000129   Thumb Code    26  __scatter_copy.o(!!handler_copy)
    __scatterload_zeroinit                   0x08000145   Thumb Code    28  __scatter_zi.o(!!handler_zi)
    __rt_lib_init                            0x08000161   Thumb Code     0  libinit.o(.ARM.Collect$$libinit$$00000000)
    __rt_lib_init_fp_1                       0x08000163   Thumb Code     0  libinit2.o(.ARM.Collect$$libinit$$00000002)
    __rt_lib_init_heap_2                     0x08000163   Thumb Code     0  libinit2.o(.ARM.Collect$$libinit$$00000005)
    __rt_lib_init_preinit_1                  0x08000163   Thumb Code     0  libinit2.o(.ARM.Collect$$libinit$$00000004)
    __rt_lib_init_alloca_1                   0x0800016b   Thumb Code     0  libinit2.o(.ARM.Collect$$libinit$$0000002E)
    __rt_lib_init_argv_1                     0x0800016b   Thumb Code     0  libinit2.o(.ARM.Collect$$libinit$$0000002C)
    __rt_lib_init_atexit_1                   0x0800016b   Thumb Code     0  libinit2.o(.ARM.Collect$$libinit$$0000001B)
    __rt_lib_init_clock_1                    0x0800016b   Thumb Code     0  libinit2.o(.ARM.Collect$$libinit$$00000021)
    __rt_lib_init_cpp_1                      0x0800016b   Thumb Code     0  libinit2.o(.ARM.Collect$$libinit$$00000032)
    __rt_lib_init_exceptions_1               0x0800016b   Thumb Code     0  libinit2.o(.ARM.Collect$$libinit$$00000030)
    __rt_lib_init_fp_trap_1                  0x0800016b   Thumb Code     0  libinit2.o(.ARM.Collect$$libinit$$0000001F)
    __rt_lib_init_getenv_1                   0x0800016b   Thumb Code     0  libinit2.o(.ARM.Collect$$libinit$$00000023)
    __rt_lib_init_heap_1                     0x0800016b   Thumb Code     0  libinit2.o(.ARM.Collect$$libinit$$0000000A)
    __rt_lib_init_lc_collate_1               0x0800016b   Thumb Code     0  libinit2.o(.ARM.Collect$$libinit$$00000011)
    __rt_lib_init_lc_ctype_1                 0x0800016b   Thumb Code     0  libinit2.o(.ARM.Collect$$libinit$$00000013)
    __rt_lib_init_lc_monetary_1              0x0800016b   Thumb Code     0  libinit2.o(.ARM.Collect$$libinit$$00000015)
    __rt_lib_init_lc_numeric_1               0x0800016b   Thumb Code     0  libinit2.o(.ARM.Collect$$libinit$$00000017)
    __rt_lib_init_lc_time_1                  0x0800016b   Thumb Code     0  libinit2.o(.ARM.Collect$$libinit$$00000019)
    __rt_lib_init_rand_1                     0x0800016b   Thumb Code     0  libinit2.o(.ARM.Collect$$libinit$$0000000E)
    __rt_lib_init_return                     0x0800016b   Thumb Code     0  libinit2.o(.ARM.Collect$$libinit$$00000033)
    __rt_lib_init_signal_1                   0x0800016b   Thumb Code     0  libinit2.o(.ARM.Collect$$libinit$$0000001D)
    __rt_lib_init_stdio_1                    0x0800016b   Thumb Code     0  libinit2.o(.ARM.Collect$$libinit$$00000025)
    __rt_lib_init_user_alloc_1               0x0800016b   Thumb Code     0  libinit2.o(.ARM.Collect$$libinit$$0000000C)
    __rt_lib_shutdown                        0x0800016d   Thumb Code     0  libshutdown.o(.ARM.Collect$$libshutdown$$00000000)
    __rt_lib_shutdown_cpp_1                  0x0800016f   Thumb Code     0  libshutdown2.o(.ARM.Collect$$libshutdown$$00000002)
    __rt_lib_shutdown_fp_trap_1              0x0800016f   Thumb Code     0  libshutdown2.o(.ARM.Collect$$libshutdown$$00000007)
    __rt_lib_shutdown_heap_1                 0x0800016f   Thumb Code     0  libshutdown2.o(.ARM.Collect$$libshutdown$$0000000F)
    __rt_lib_shutdown_return                 0x0800016f   Thumb Code     0  libshutdown2.o(.ARM.Collect$$libshutdown$$00000010)
    __rt_lib_shutdown_signal_1               0x0800016f   Thumb Code     0  libshutdown2.o(.ARM.Collect$$libshutdown$$0000000A)
    __rt_lib_shutdown_stdio_1                0x0800016f   Thumb Code     0  libshutdown2.o(.ARM.Collect$$libshutdown$$00000004)
    __rt_lib_shutdown_user_alloc_1           0x0800016f   Thumb Code     0  libshutdown2.o(.ARM.Collect$$libshutdown$$0000000C)
    __rt_entry                               0x08000171   Thumb Code     0  __rtentry.o(.ARM.Collect$$rtentry$$00000000)
    __rt_entry_presh_1                       0x08000171   Thumb Code     0  __rtentry2.o(.ARM.Collect$$rtentry$$00000002)
    __rt_entry_sh                            0x08000171   Thumb Code     0  __rtentry4.o(.ARM.Collect$$rtentry$$00000004)
    __rt_entry_li                            0x08000177   Thumb Code     0  __rtentry2.o(.ARM.Collect$$rtentry$$0000000A)
    __rt_entry_postsh_1                      0x08000177   Thumb Code     0  __rtentry2.o(.ARM.Collect$$rtentry$$00000009)
    __rt_entry_main                          0x0800017b   Thumb Code     0  __rtentry2.o(.ARM.Collect$$rtentry$$0000000D)
    __rt_entry_postli_1                      0x0800017b   Thumb Code     0  __rtentry2.o(.ARM.Collect$$rtentry$$0000000C)
    __rt_exit                                0x08000183   Thumb Code     0  rtexit.o(.ARM.Collect$$rtexit$$00000000)
    __rt_exit_ls                             0x08000185   Thumb Code     0  rtexit2.o(.ARM.Collect$$rtexit$$00000003)
    __rt_exit_prels_1                        0x08000185   Thumb Code     0  rtexit2.o(.ARM.Collect$$rtexit$$00000002)
    __rt_exit_exit                           0x08000189   Thumb Code     0  rtexit2.o(.ARM.Collect$$rtexit$$00000004)
    Reset_Handler                            0x08000191   Thumb Code     8  startup_stm32f10x_md.o(.text)
    NMI_Handler                              0x08000199   Thumb Code     2  startup_stm32f10x_md.o(.text)
    HardFault_Handler                        0x0800019b   Thumb Code     2  startup_stm32f10x_md.o(.text)
    MemManage_Handler                        0x0800019d   Thumb Code     2  startup_stm32f10x_md.o(.text)
    BusFault_Handler                         0x0800019f   Thumb Code     2  startup_stm32f10x_md.o(.text)
    UsageFault_Handler                       0x080001a1   Thumb Code     2  startup_stm32f10x_md.o(.text)
    SVC_Handler                              0x080001a3   Thumb Code     2  startup_stm32f10x_md.o(.text)
    DebugMon_Handler                         0x080001a5   Thumb Code     2  startup_stm32f10x_md.o(.text)
    PendSV_Handler                           0x080001a7   Thumb Code     2  startup_stm32f10x_md.o(.text)
    SysTick_Handler                          0x080001a9   Thumb Code     2  startup_stm32f10x_md.o(.text)
    ADC1_2_IRQHandler                        0x080001ab   Thumb Code     0  startup_stm32f10x_md.o(.text)
    CAN1_RX1_IRQHandler                      0x080001ab   Thumb Code     0  startup_stm32f10x_md.o(.text)
    CAN1_SCE_IRQHandler                      0x080001ab   Thumb Code     0  startup_stm32f10x_md.o(.text)
    DMA1_Channel1_IRQHandler                 0x080001ab   Thumb Code     0  startup_stm32f10x_md.o(.text)
    DMA1_Channel2_IRQHandler                 0x080001ab   Thumb Code     0  startup_stm32f10x_md.o(.text)
    DMA1_Channel3_IRQHandler                 0x080001ab   Thumb Code     0  startup_stm32f10x_md.o(.text)
    DMA1_Channel4_IRQHandler                 0x080001ab   Thumb Code     0  startup_stm32f10x_md.o(.text)
    DMA1_Channel5_IRQHandler                 0x080001ab   Thumb Code     0  startup_stm32f10x_md.o(.text)
    DMA1_Channel6_IRQHandler                 0x080001ab   Thumb Code     0  startup_stm32f10x_md.o(.text)
    DMA1_Channel7_IRQHandler                 0x080001ab   Thumb Code     0  startup_stm32f10x_md.o(.text)
    EXTI0_IRQHandler                         0x080001ab   Thumb Code     0  startup_stm32f10x_md.o(.text)
    EXTI15_10_IRQHandler                     0x080001ab   Thumb Code     0  startup_stm32f10x_md.o(.text)
    EXTI1_IRQHandler                         0x080001ab   Thumb Code     0  startup_stm32f10x_md.o(.text)
    EXTI2_IRQHandler                         0x080001ab   Thumb Code     0  startup_stm32f10x_md.o(.text)
    EXTI3_IRQHandler                         0x080001ab   Thumb Code     0  startup_stm32f10x_md.o(.text)
    EXTI4_IRQHandler                         0x080001ab   Thumb Code     0  startup_stm32f10x_md.o(.text)
    EXTI9_5_IRQHandler                       0x080001ab   Thumb Code     0  startup_stm32f10x_md.o(.text)
    FLASH_IRQHandler                         0x080001ab   Thumb Code     0  startup_stm32f10x_md.o(.text)
    I2C1_ER_IRQHandler                       0x080001ab   Thumb Code     0  startup_stm32f10x_md.o(.text)
    I2C1_EV_IRQHandler                       0x080001ab   Thumb Code     0  startup_stm32f10x_md.o(.text)
    I2C2_ER_IRQHandler                       0x080001ab   Thumb Code     0  startup_stm32f10x_md.o(.text)
    I2C2_EV_IRQHandler                       0x080001ab   Thumb Code     0  startup_stm32f10x_md.o(.text)
    PVD_IRQHandler                           0x080001ab   Thumb Code     0  startup_stm32f10x_md.o(.text)
    RCC_IRQHandler                           0x080001ab   Thumb Code     0  startup_stm32f10x_md.o(.text)
    RTCAlarm_IRQHandler                      0x080001ab   Thumb Code     0  startup_stm32f10x_md.o(.text)
    RTC_IRQHandler                           0x080001ab   Thumb Code     0  startup_stm32f10x_md.o(.text)
    SPI1_IRQHandler                          0x080001ab   Thumb Code     0  startup_stm32f10x_md.o(.text)
    SPI2_IRQHandler                          0x080001ab   Thumb Code     0  startup_stm32f10x_md.o(.text)
    TAMPER_IRQHandler                        0x080001ab   Thumb Code     0  startup_stm32f10x_md.o(.text)
    TIM1_BRK_IRQHandler                      0x080001ab   Thumb Code     0  startup_stm32f10x_md.o(.text)
    TIM1_CC_IRQHandler                       0x080001ab   Thumb Code     0  startup_stm32f10x_md.o(.text)
    TIM1_TRG_COM_IRQHandler                  0x080001ab   Thumb Code     0  startup_stm32f10x_md.o(.text)
    TIM1_UP_IRQHandler                       0x080001ab   Thumb Code     0  startup_stm32f10x_md.o(.text)
    TIM2_IRQHandler                          0x080001ab   Thumb Code     0  startup_stm32f10x_md.o(.text)
    TIM3_IRQHandler                          0x080001ab   Thumb Code     0  startup_stm32f10x_md.o(.text)
    TIM4_IRQHandler                          0x080001ab   Thumb Code     0  startup_stm32f10x_md.o(.text)
    USART1_IRQHandler                        0x080001ab   Thumb Code     0  startup_stm32f10x_md.o(.text)
    USART2_IRQHandler                        0x080001ab   Thumb Code     0  startup_stm32f10x_md.o(.text)
    USART3_IRQHandler                        0x080001ab   Thumb Code     0  startup_stm32f10x_md.o(.text)
    USBWakeUp_IRQHandler                     0x080001ab   Thumb Code     0  startup_stm32f10x_md.o(.text)
    USB_HP_CAN1_TX_IRQHandler                0x080001ab   Thumb Code     0  startup_stm32f10x_md.o(.text)
    USB_LP_CAN1_RX0_IRQHandler               0x080001ab   Thumb Code     0  startup_stm32f10x_md.o(.text)
    WWDG_IRQHandler                          0x080001ab   Thumb Code     0  startup_stm32f10x_md.o(.text)
    __user_initial_stackheap                 0x080001ad   Thumb Code     0  startup_stm32f10x_md.o(.text)
    malloc                                   0x080001d1   Thumb Code    94  h1_alloc.o(.text)
    free                                     0x0800022f   Thumb Code    78  h1_free.o(.text)
    __use_two_region_memory                  0x0800027d   Thumb Code     2  heapauxi.o(.text)
    __rt_heap_escrow                         0x0800027f   Thumb Code     2  heapauxi.o(.text)
    __rt_heap_expand                         0x08000281   Thumb Code     2  heapauxi.o(.text)
    __rt_heap_descriptor                     0x08000285   Thumb Code     8  rt_heap_descriptor_intlibspace.o(.text)
    __use_no_heap                            0x0800028d   Thumb Code     2  hguard.o(.text)
    __heap$guard                             0x0800028f   Thumb Code     2  hguard.o(.text)
    _terminate_user_alloc                    0x08000291   Thumb Code     2  init_alloc.o(.text)
    _init_user_alloc                         0x08000293   Thumb Code     2  init_alloc.o(.text)
    __Heap_Full                              0x08000295   Thumb Code    34  init_alloc.o(.text)
    __Heap_Broken                            0x080002b7   Thumb Code     6  init_alloc.o(.text)
    _init_alloc                              0x080002bd   Thumb Code    94  init_alloc.o(.text)
    __Heap_Initialize                        0x0800031b   Thumb Code    10  h1_init.o(.text)
    __Heap_DescSize                          0x08000325   Thumb Code     4  h1_init.o(.text)
    __user_libspace                          0x08000329   Thumb Code     8  libspace.o(.text)
    __user_perproc_libspace                  0x08000329   Thumb Code     0  libspace.o(.text)
    __user_perthread_libspace                0x08000329   Thumb Code     0  libspace.o(.text)
    __Heap_ProvideMemory                     0x08000331   Thumb Code    52  h1_extend.o(.text)
    _maybe_terminate_alloc                   0x08000331   Thumb Code     0  maybetermalloc1.o(.text)
    __rt_SIGRTMEM                            0x08000365   Thumb Code    14  defsig_rtmem_outer.o(.text)
    __I$use$semihosting                      0x08000373   Thumb Code     0  use_no_semi.o(.text)
    __use_no_semihosting_swi                 0x08000373   Thumb Code     2  use_no_semi.o(.text)
    __semihosting_library_function           0x08000375   Thumb Code     0  indicate_semi.o(.text)
    __user_setup_stackheap                   0x08000375   Thumb Code    74  sys_stackheap_outer.o(.text)
    exit                                     0x080003bf   Thumb Code    18  exit.o(.text)
    __sig_exit                               0x080003d1   Thumb Code    10  defsig_exit.o(.text)
    __rt_SIGRTMEM_inner                      0x080003dd   Thumb Code    22  defsig_rtmem_inner.o(.text)
    _sys_exit                                0x0800042d   Thumb Code     8  sys_exit.o(.text)
    __default_signal_display                 0x08000439   Thumb Code    50  defsig_general.o(.text)
    _ttywrch                                 0x0800046b   Thumb Code    14  sys_wrch.o(.text)
    KEYPAD_Init                              0x0800055d   Thumb Code    20  keypadscan.o(.text.KEYPAD_Init)
    KEYPAD_Scan                              0x08000571   Thumb Code    88  keypadscan.o(.text.KEYPAD_Scan)
    LCDGotoXY                                0x080005c9   Thumb Code    36  lcd.o(.text.LCDGotoXY)
    LCDclr                                   0x080005ed   Thumb Code    10  lcd.o(.text.LCDclr)
    LCDcursorOFF                             0x080005f9   Thumb Code    10  lcd.o(.text.LCDcursorOFF)
    LCDinit                                  0x08000605   Thumb Code    84  lcd.o(.text.LCDinit)
    LCDputValue                              0x08000659   Thumb Code    90  lcd.o(.text.LCDputValue)
    LCDsendChar                              0x080006b5   Thumb Code    20  lcd.o(.text.LCDsendChar)
    LCDsendCommand                           0x080006c9   Thumb Code    20  lcd.o(.text.LCDsendCommand)
    LCDstring                                0x080006dd   Thumb Code    30  lcd.o(.text.LCDstring)
    MEF_Init                                 0x080006fd   Thumb Code    24  mef.o(.text.MEF_Init)
    MEF_Update                               0x08000715   Thumb Code   210  mef.o(.text.MEF_Update)
    SEOS_Dispatch_Tasks                      0x080008e1   Thumb Code    56  seos.o(.text.SEOS_Dispatch_Tasks)
    SEOS_Init                                0x08000919   Thumb Code     2  seos.o(.text.SEOS_Init)
    SystemInit                               0x080009e5   Thumb Code    86  system_stm32f10x.o(.text.SystemInit)
    TIMER_GetHora                            0x08000a3d   Thumb Code   152  timer.o(.text.TIMER_GetHora)
    TIMER_Init                               0x08000ad5   Thumb Code    24  timer.o(.text.TIMER_Init)
    TIMER_ModificarHora                      0x08000aed   Thumb Code    16  timer.o(.text.TIMER_ModificarHora)
    TIMER_ModificarMinutos                   0x08000afd   Thumb Code    16  timer.o(.text.TIMER_ModificarMinutos)
    TIMER_ModificarSegundos                  0x08000b0d   Thumb Code    16  timer.o(.text.TIMER_ModificarSegundos)
    TIMER_Update                             0x08000b1d   Thumb Code    74  timer.o(.text.TIMER_Update)
    delay_us                                 0x08000bb9   Thumb Code     2  utils.o(.text.delay_us)
    main                                     0x08000c41   Thumb Code    34  main.o(.text.main)
    Region$$Table$$Base                      0x08000c74   Number         0  anon$$obj.o(Region$$Table)
    Region$$Table$$Limit                     0x08000c94   Number         0  anon$$obj.o(Region$$Table)
    __libspace_start                         0x20000008   Data          96  libspace.o(.bss)
    Flag_MEF                                 0x20000068   Data           1  seos.o(.bss.Flag_MEF)
    __temporary_stack_top$libspace           0x20000068   Data           0  libspace.o(.bss)



==============================================================================

Memory Map of the image

  Image Entry point : 0x08000191

  Load Region LR_1 (Base: 0x08000000, Size: 0x00000c98, Max: 0xffffffff, ABSOLUTE)

    Execution Region ER_RO (Exec base: 0x08000000, Load base: 0x08000000, Size: 0x00000c94, Max: 0xffffffff, ABSOLUTE)

    Exec Addr    Load Addr    Size         Type   Attr      Idx    E Section Name        Object

    0x08000000   0x08000000   0x000000ec   Data   RO          144    RESET               startup_stm32f10x_md.o
    0x080000ec   0x080000ec   0x00000008   Code   RO          235  * !!!main             c_w.l(__main.o)
    0x080000f4   0x080000f4   0x00000034   Code   RO          442    !!!scatter          c_w.l(__scatter.o)
    0x08000128   0x08000128   0x0000001a   Code   RO          444    !!handler_copy      c_w.l(__scatter_copy.o)
    0x08000142   0x08000142   0x00000002   PAD
    0x08000144   0x08000144   0x0000001c   Code   RO          446    !!handler_zi        c_w.l(__scatter_zi.o)
    0x08000160   0x08000160   0x00000002   Code   RO          377    .ARM.Collect$$libinit$$00000000  c_w.l(libinit.o)
    0x08000162   0x08000162   0x00000000   Code   RO          268    .ARM.Collect$$libinit$$00000002  c_w.l(libinit2.o)
    0x08000162   0x08000162   0x00000000   Code   RO          270    .ARM.Collect$$libinit$$00000004  c_w.l(libinit2.o)
    0x08000162   0x08000162   0x00000008   Code   RO          271    .ARM.Collect$$libinit$$00000005  c_w.l(libinit2.o)
    0x0800016a   0x0800016a   0x00000000   Code   RO          273    .ARM.Collect$$libinit$$0000000A  c_w.l(libinit2.o)
    0x0800016a   0x0800016a   0x00000000   Code   RO          275    .ARM.Collect$$libinit$$0000000C  c_w.l(libinit2.o)
    0x0800016a   0x0800016a   0x00000000   Code   RO          277    .ARM.Collect$$libinit$$0000000E  c_w.l(libinit2.o)
    0x0800016a   0x0800016a   0x00000000   Code   RO          280    .ARM.Collect$$libinit$$00000011  c_w.l(libinit2.o)
    0x0800016a   0x0800016a   0x00000000   Code   RO          282    .ARM.Collect$$libinit$$00000013  c_w.l(libinit2.o)
    0x0800016a   0x0800016a   0x00000000   Code   RO          284    .ARM.Collect$$libinit$$00000015  c_w.l(libinit2.o)
    0x0800016a   0x0800016a   0x00000000   Code   RO          286    .ARM.Collect$$libinit$$00000017  c_w.l(libinit2.o)
    0x0800016a   0x0800016a   0x00000000   Code   RO          288    .ARM.Collect$$libinit$$00000019  c_w.l(libinit2.o)
    0x0800016a   0x0800016a   0x00000000   Code   RO          290    .ARM.Collect$$libinit$$0000001B  c_w.l(libinit2.o)
    0x0800016a   0x0800016a   0x00000000   Code   RO          292    .ARM.Collect$$libinit$$0000001D  c_w.l(libinit2.o)
    0x0800016a   0x0800016a   0x00000000   Code   RO          294    .ARM.Collect$$libinit$$0000001F  c_w.l(libinit2.o)
    0x0800016a   0x0800016a   0x00000000   Code   RO          296    .ARM.Collect$$libinit$$00000021  c_w.l(libinit2.o)
    0x0800016a   0x0800016a   0x00000000   Code   RO          298    .ARM.Collect$$libinit$$00000023  c_w.l(libinit2.o)
    0x0800016a   0x0800016a   0x00000000   Code   RO          300    .ARM.Collect$$libinit$$00000025  c_w.l(libinit2.o)
    0x0800016a   0x0800016a   0x00000000   Code   RO          304    .ARM.Collect$$libinit$$0000002C  c_w.l(libinit2.o)
    0x0800016a   0x0800016a   0x00000000   Code   RO          306    .ARM.Collect$$libinit$$0000002E  c_w.l(libinit2.o)
    0x0800016a   0x0800016a   0x00000000   Code   RO          308    .ARM.Collect$$libinit$$00000030  c_w.l(libinit2.o)
    0x0800016a   0x0800016a   0x00000000   Code   RO          310    .ARM.Collect$$libinit$$00000032  c_w.l(libinit2.o)
    0x0800016a   0x0800016a   0x00000002   Code   RO          311    .ARM.Collect$$libinit$$00000033  c_w.l(libinit2.o)
    0x0800016c   0x0800016c   0x00000002   Code   RO          439    .ARM.Collect$$libshutdown$$00000000  c_w.l(libshutdown.o)
    0x0800016e   0x0800016e   0x00000000   Code   RO          393    .ARM.Collect$$libshutdown$$00000002  c_w.l(libshutdown2.o)
    0x0800016e   0x0800016e   0x00000000   Code   RO          395    .ARM.Collect$$libshutdown$$00000004  c_w.l(libshutdown2.o)
    0x0800016e   0x0800016e   0x00000000   Code   RO          398    .ARM.Collect$$libshutdown$$00000007  c_w.l(libshutdown2.o)
    0x0800016e   0x0800016e   0x00000000   Code   RO          401    .ARM.Collect$$libshutdown$$0000000A  c_w.l(libshutdown2.o)
    0x0800016e   0x0800016e   0x00000000   Code   RO          403    .ARM.Collect$$libshutdown$$0000000C  c_w.l(libshutdown2.o)
    0x0800016e   0x0800016e   0x00000000   Code   RO          406    .ARM.Collect$$libshutdown$$0000000F  c_w.l(libshutdown2.o)
    0x0800016e   0x0800016e   0x00000002   Code   RO          407    .ARM.Collect$$libshutdown$$00000010  c_w.l(libshutdown2.o)
    0x08000170   0x08000170   0x00000000   Code   RO          239    .ARM.Collect$$rtentry$$00000000  c_w.l(__rtentry.o)
    0x08000170   0x08000170   0x00000000   Code   RO          320    .ARM.Collect$$rtentry$$00000002  c_w.l(__rtentry2.o)
    0x08000170   0x08000170   0x00000006   Code   RO          332    .ARM.Collect$$rtentry$$00000004  c_w.l(__rtentry4.o)
    0x08000176   0x08000176   0x00000000   Code   RO          322    .ARM.Collect$$rtentry$$00000009  c_w.l(__rtentry2.o)
    0x08000176   0x08000176   0x00000004   Code   RO          323    .ARM.Collect$$rtentry$$0000000A  c_w.l(__rtentry2.o)
    0x0800017a   0x0800017a   0x00000000   Code   RO          325    .ARM.Collect$$rtentry$$0000000C  c_w.l(__rtentry2.o)
    0x0800017a   0x0800017a   0x00000008   Code   RO          326    .ARM.Collect$$rtentry$$0000000D  c_w.l(__rtentry2.o)
    0x08000182   0x08000182   0x00000002   Code   RO          382    .ARM.Collect$$rtexit$$00000000  c_w.l(rtexit.o)
    0x08000184   0x08000184   0x00000000   Code   RO          413    .ARM.Collect$$rtexit$$00000002  c_w.l(rtexit2.o)
    0x08000184   0x08000184   0x00000004   Code   RO          414    .ARM.Collect$$rtexit$$00000003  c_w.l(rtexit2.o)
    0x08000188   0x08000188   0x00000006   Code   RO          415    .ARM.Collect$$rtexit$$00000004  c_w.l(rtexit2.o)
    0x0800018e   0x0800018e   0x00000002   PAD
    0x08000190   0x08000190   0x00000040   Code   RO          145  * .text               startup_stm32f10x_md.o
    0x080001d0   0x080001d0   0x0000005e   Code   RO          175    .text               c_w.l(h1_alloc.o)
    0x0800022e   0x0800022e   0x0000004e   Code   RO          177    .text               c_w.l(h1_free.o)
    0x0800027c   0x0800027c   0x00000006   Code   RO          233    .text               c_w.l(heapauxi.o)
    0x08000282   0x08000282   0x00000002   PAD
    0x08000284   0x08000284   0x00000008   Code   RO          243    .text               c_w.l(rt_heap_descriptor_intlibspace.o)
    0x0800028c   0x0800028c   0x00000004   Code   RO          245    .text               c_w.l(hguard.o)
    0x08000290   0x08000290   0x0000008a   Code   RO          247    .text               c_w.l(init_alloc.o)
    0x0800031a   0x0800031a   0x0000000e   Code   RO          251    .text               c_w.l(h1_init.o)
    0x08000328   0x08000328   0x00000008   Code   RO          316    .text               c_w.l(libspace.o)
    0x08000330   0x08000330   0x00000000   Code   RO          336    .text               c_w.l(maybetermalloc1.o)
    0x08000330   0x08000330   0x00000034   Code   RO          338    .text               c_w.l(h1_extend.o)
    0x08000364   0x08000364   0x0000000e   Code   RO          342    .text               c_w.l(defsig_rtmem_outer.o)
    0x08000372   0x08000372   0x00000002   Code   RO          353    .text               c_w.l(use_no_semi.o)
    0x08000374   0x08000374   0x00000000   Code   RO          355    .text               c_w.l(indicate_semi.o)
    0x08000374   0x08000374   0x0000004a   Code   RO          356    .text               c_w.l(sys_stackheap_outer.o)
    0x080003be   0x080003be   0x00000012   Code   RO          362    .text               c_w.l(exit.o)
    0x080003d0   0x080003d0   0x0000000a   Code   RO          364    .text               c_w.l(defsig_exit.o)
    0x080003da   0x080003da   0x00000002   PAD
    0x080003dc   0x080003dc   0x00000050   Code   RO          366    .text               c_w.l(defsig_rtmem_inner.o)
    0x0800042c   0x0800042c   0x0000000c   Code   RO          378    .text               c_w.l(sys_exit.o)
    0x08000438   0x08000438   0x00000032   Code   RO          390    .text               c_w.l(defsig_general.o)
    0x0800046a   0x0800046a   0x0000000e   Code   RO          408    .text               c_w.l(sys_wrch.o)
    0x08000478   0x08000478   0x00000022   Code   RO           77    .text.AbiertoTime   mef.o
    0x0800049a   0x0800049a   0x00000002   PAD
    0x0800049c   0x0800049c   0x0000001a   Code   RO           65    .text.ChangeABIERTO  mef.o
    0x080004b6   0x080004b6   0x00000002   PAD
    0x080004b8   0x080004b8   0x0000001a   Code   RO           67    .text.ChangeCLAVE_INC  mef.o
    0x080004d2   0x080004d2   0x00000002   PAD
    0x080004d4   0x080004d4   0x00000032   Code   RO           73    .text.ChangeIDLE    mef.o
    0x08000506   0x08000506   0x00000002   PAD
    0x08000508   0x08000508   0x00000034   Code   RO           63    .text.ClaveCorrecta  mef.o
    0x0800053c   0x0800053c   0x00000020   Code   RO           71    .text.Clave_IncTime  mef.o
    0x0800055c   0x0800055c   0x00000014   Code   RO            2    .text.KEYPAD_Init   keypadscan.o
    0x08000570   0x08000570   0x00000058   Code   RO            4    .text.KEYPAD_Scan   keypadscan.o
    0x080005c8   0x080005c8   0x00000024   Code   RO           30    .text.LCDGotoXY     lcd.o
    0x080005ec   0x080005ec   0x0000000a   Code   RO           32    .text.LCDclr        lcd.o
    0x080005f6   0x080005f6   0x00000002   PAD
    0x080005f8   0x080005f8   0x0000000a   Code   RO           34    .text.LCDcursorOFF  lcd.o
    0x08000602   0x08000602   0x00000002   PAD
    0x08000604   0x08000604   0x00000054   Code   RO           24    .text.LCDinit       lcd.o
    0x08000658   0x08000658   0x0000005a   Code   RO           28    .text.LCDputValue   lcd.o
    0x080006b2   0x080006b2   0x00000002   PAD
    0x080006b4   0x080006b4   0x00000014   Code   RO           22    .text.LCDsendChar   lcd.o
    0x080006c8   0x080006c8   0x00000014   Code   RO           26    .text.LCDsendCommand  lcd.o
    0x080006dc   0x080006dc   0x0000001e   Code   RO           20    .text.LCDstring     lcd.o
    0x080006fa   0x080006fa   0x00000002   PAD
    0x080006fc   0x080006fc   0x00000018   Code   RO           53    .text.MEF_Init      mef.o
    0x08000714   0x08000714   0x000000d2   Code   RO           55    .text.MEF_Update    mef.o
    0x080007e6   0x080007e6   0x00000002   PAD
    0x080007e8   0x080007e8   0x00000020   Code   RO           75    .text.OutAbierto    mef.o
    0x08000808   0x08000808   0x00000024   Code   RO           69    .text.OutClaveInc   mef.o
    0x0800082c   0x0800082c   0x00000084   Code   RO           59    .text.OutIdle       mef.o
    0x080008b0   0x080008b0   0x0000002e   Code   RO           61    .text.Out_IngClave  mef.o
    0x080008de   0x080008de   0x00000002   PAD
    0x080008e0   0x080008e0   0x00000038   Code   RO          128    .text.SEOS_Dispatch_Tasks  seos.o
    0x08000918   0x08000918   0x00000002   Code   RO          126    .text.SEOS_Init     seos.o
    0x0800091a   0x0800091a   0x00000002   PAD
    0x0800091c   0x0800091c   0x00000008   Code   RO          154    .text.SetSysClock   system_stm32f10x.o
    0x08000924   0x08000924   0x000000be   Code   RO          158    .text.SetSysClockTo72  system_stm32f10x.o
    0x080009e2   0x080009e2   0x00000002   PAD
    0x080009e4   0x080009e4   0x00000056   Code   RO          152    .text.SystemInit    system_stm32f10x.o
    0x08000a3a   0x08000a3a   0x00000002   PAD
    0x08000a3c   0x08000a3c   0x00000098   Code   RO          105    .text.TIMER_GetHora  timer.o
    0x08000ad4   0x08000ad4   0x00000018   Code   RO           95    .text.TIMER_Init    timer.o
    0x08000aec   0x08000aec   0x00000010   Code   RO           97    .text.TIMER_ModificarHora  timer.o
    0x08000afc   0x08000afc   0x00000010   Code   RO           99    .text.TIMER_ModificarMinutos  timer.o
    0x08000b0c   0x08000b0c   0x00000010   Code   RO          101    .text.TIMER_ModificarSegundos  timer.o
    0x08000b1c   0x08000b1c   0x0000004a   Code   RO          103    .text.TIMER_Update  timer.o
    0x08000b66   0x08000b66   0x00000002   PAD
    0x08000b68   0x08000b68   0x00000050   Code   RO           57    .text.changeING_CLAVE  mef.o
    0x08000bb8   0x08000bb8   0x00000002   Code   RO          118    .text.delay_us      utils.o
    0x08000bba   0x08000bba   0x00000002   PAD
    0x08000bbc   0x08000bbc   0x00000084   Code   RO            6    .text.getKeyPressed  keypadscan.o
    0x08000c40   0x08000c40   0x00000022   Code   RO           44    .text.main          main.o
    0x08000c62   0x08000c62   0x00000010   Data   RO           11    .rodata.cst16       keypadscan.o
    0x08000c72   0x08000c72   0x00000002   PAD
    0x08000c74   0x08000c74   0x00000020   Data   RO          441    Region$$Table       anon$$obj.o


    Execution Region ER_RW (Exec base: 0x20000000, Load base: 0x08000c94, Size: 0x00000004, Max: 0xffffffff, ABSOLUTE)

    Exec Addr    Load Addr    Size         Type   Attr      Idx    E Section Name        Object

    0x20000000   0x08000c94   0x00000001   Data   RW           10    .data.KEYPAD_Scan.Last_valid_key  keypadscan.o


    Execution Region ER_ZI (Exec base: 0x20000008, Load base: 0x08000c98, Size: 0x00000678, Max: 0xffffffff, ABSOLUTE)

    Exec Addr    Load Addr    Size         Type   Attr      Idx    E Section Name        Object

    0x20000008        -       0x00000060   Zero   RW          317    .bss                c_w.l(libspace.o)
    0x20000068        -       0x00000001   Zero   RW          132    .bss.Flag_MEF       seos.o
    0x20000069        -       0x00000001   Zero   RW            9    .bss.KEYPAD_Scan.Key  keypadscan.o
    0x2000006a        -       0x00000001   Zero   RW            8    .bss.KEYPAD_Scan.Old_key  keypadscan.o
    0x2000006b        -       0x00000001   Zero   RW           82    .bss.actHora        mef.o
    0x2000006c        -       0x00000004   Zero   RW           86    .bss.claveIng       mef.o
    0x20000070        -       0x00000004   Zero   RW           85    .bss.hora           mef.o
    0x20000074        -       0x00000001   Zero   RW          109    .bss.hours          timer.o
    0x20000075        -       0x00000001   Zero   RW          133    .bss.iClock         seos.o
    0x20000076        -       0x00000001   Zero   RW           83    .bss.key            mef.o
    0x20000077        -       0x00000001   Zero   RW          108    .bss.minutes        timer.o
    0x20000078        -       0x00000001   Zero   RW           84    .bss.posClaveIng    mef.o
    0x20000079        -       0x00000001   Zero   RW          107    .bss.seconds        timer.o
    0x2000007a        -       0x00000001   Zero   RW           81    .bss.state_time     mef.o
    0x2000007b        -       0x00000001   Zero   RW           80    .bss.system_state   mef.o
    0x2000007c        -       0x00000004   Zero   RW           79    .bss.ticksPerSecond  mef.o
    0x20000080        -       0x00000200   Zero   RW          143    HEAP                startup_stm32f10x_md.o
    0x20000280        -       0x00000400   Zero   RW          142    STACK               startup_stm32f10x_md.o


==============================================================================

Image component sizes


      Code (inc. data)   RO Data    RW Data    ZI Data      Debug   Object Name

       240          8         16          1          2       1789   keypadscan.o
       300          0          0          0          0       2215   lcd.o
        34          0          0          0          0        497   main.o
       780         36          0          0         17       2761   mef.o
        58          0          0          0          2        867   seos.o
        64         26        236          0       1536        868   startup_stm32f10x_md.o
       284          0          0          0          0       2824   system_stm32f10x.o
       298          0          0          0          3       1515   timer.o
         2          0          0          0          0        484   utils.o

    ----------------------------------------------------------------------
      2090         70        286          4       1560      13820   Object Totals
         0          0         32          0          0          0   (incl. Generated)
        30          0          2          3          0          0   (incl. Padding)

    ----------------------------------------------------------------------

      Code (inc. data)   RO Data    RW Data    ZI Data      Debug   Library Member Name

         8          0          0          0          0         68   __main.o
         0          0          0          0          0          0   __rtentry.o
        12          0          0          0          0          0   __rtentry2.o
         6          0          0          0          0          0   __rtentry4.o
        52          8          0          0          0          0   __scatter.o
        26          0          0          0          0          0   __scatter_copy.o
        28          0          0          0          0          0   __scatter_zi.o
        10          0          0          0          0         68   defsig_exit.o
        50          0          0          0          0         88   defsig_general.o
        80         58          0          0          0         76   defsig_rtmem_inner.o
        14          0          0          0          0         80   defsig_rtmem_outer.o
        18          0          0          0          0         80   exit.o
        94          0          0          0          0         80   h1_alloc.o
        52          0          0          0          0         68   h1_extend.o
        78          0          0          0          0         80   h1_free.o
        14          0          0          0          0         84   h1_init.o
         6          0          0          0          0        152   heapauxi.o
         4          0          0          0          0        136   hguard.o
         0          0          0          0          0          0   indicate_semi.o
       138          0          0          0          0        168   init_alloc.o
         2          0          0          0          0          0   libinit.o
        10          0          0          0          0          0   libinit2.o
         2          0          0          0          0          0   libshutdown.o
         2          0          0          0          0          0   libshutdown2.o
         8          4          0          0         96         68   libspace.o
         0          0          0          0          0          0   maybetermalloc1.o
         8          4          0          0          0         68   rt_heap_descriptor_intlibspace.o
         2          0          0          0          0          0   rtexit.o
        10          0          0          0          0          0   rtexit2.o
        12          4          0          0          0         68   sys_exit.o
        74          0          0          0          0         80   sys_stackheap_outer.o
        14          0          0          0          0         76   sys_wrch.o
         2          0          0          0          0         68   use_no_semi.o

    ----------------------------------------------------------------------
       844         78          0          0         96       1656   Library Totals
         8          0          0          0          0          0   (incl. Padding)

    ----------------------------------------------------------------------

      Code (inc. data)   RO Data    RW Data    ZI Data      Debug   Library Name

       836         78          0          0         96       1656   c_w.l

    ----------------------------------------------------------------------
       844         78          0          0         96       1656   Library Totals

    ----------------------------------------------------------------------

==============================================================================


      Code (inc. data)   RO Data    RW Data    ZI Data      Debug   

      2934        148        286          4       1656      14552   Grand Totals
      2934        148        286          4       1656      14552   ELF Image Totals
      2934        148        286          4          0          0   ROM Totals

==============================================================================

    Total RO  Size (Code + RO Data)                 3220 (   3.14kB)
    Total RW  Size (RW Data + ZI Data)              1660 (   1.62kB)
    Total ROM Size (Code + RO Data + RW Data)       3224 (   3.15kB)

==============================================================================

